Archive member included to satisfy reference by file (symbol)

C:/ST/STM32CubeIDE_1.16.0/STM32CubeIDE/plugins/com.st.stm32cube.ide.mcu.externaltools.gnu-tools-for-stm32.12.3.rel1.win32_1.0.200.202406191623/tools/bin/../lib/gcc/arm-none-eabi/12.3.1/../../../../arm-none-eabi/lib/thumb/v7e-m+dp/hard\libc_nano.a(libc_a-exit.o)
                              C:/ST/STM32CubeIDE_1.16.0/STM32CubeIDE/plugins/com.st.stm32cube.ide.mcu.externaltools.gnu-tools-for-stm32.12.3.rel1.win32_1.0.200.202406191623/tools/bin/../lib/gcc/arm-none-eabi/12.3.1/../../../../arm-none-eabi/lib/thumb/v7e-m+dp/hard/crt0.o (exit)
C:/ST/STM32CubeIDE_1.16.0/STM32CubeIDE/plugins/com.st.stm32cube.ide.mcu.externaltools.gnu-tools-for-stm32.12.3.rel1.win32_1.0.200.202406191623/tools/bin/../lib/gcc/arm-none-eabi/12.3.1/../../../../arm-none-eabi/lib/thumb/v7e-m+dp/hard\libc_nano.a(libc_a-findfp.o)
                              C:/ST/STM32CubeIDE_1.16.0/STM32CubeIDE/plugins/com.st.stm32cube.ide.mcu.externaltools.gnu-tools-for-stm32.12.3.rel1.win32_1.0.200.202406191623/tools/bin/../lib/gcc/arm-none-eabi/12.3.1/../../../../arm-none-eabi/lib/thumb/v7e-m+dp/hard\libc_nano.a(libc_a-exit.o) (__stdio_exit_handler)
C:/ST/STM32CubeIDE_1.16.0/STM32CubeIDE/plugins/com.st.stm32cube.ide.mcu.externaltools.gnu-tools-for-stm32.12.3.rel1.win32_1.0.200.202406191623/tools/bin/../lib/gcc/arm-none-eabi/12.3.1/../../../../arm-none-eabi/lib/thumb/v7e-m+dp/hard\libc_nano.a(libc_a-fwalk.o)
                              C:/ST/STM32CubeIDE_1.16.0/STM32CubeIDE/plugins/com.st.stm32cube.ide.mcu.externaltools.gnu-tools-for-stm32.12.3.rel1.win32_1.0.200.202406191623/tools/bin/../lib/gcc/arm-none-eabi/12.3.1/../../../../arm-none-eabi/lib/thumb/v7e-m+dp/hard\libc_nano.a(libc_a-findfp.o) (_fwalk_sglue)
C:/ST/STM32CubeIDE_1.16.0/STM32CubeIDE/plugins/com.st.stm32cube.ide.mcu.externaltools.gnu-tools-for-stm32.12.3.rel1.win32_1.0.200.202406191623/tools/bin/../lib/gcc/arm-none-eabi/12.3.1/../../../../arm-none-eabi/lib/thumb/v7e-m+dp/hard\libc_nano.a(libc_a-stdio.o)
                              C:/ST/STM32CubeIDE_1.16.0/STM32CubeIDE/plugins/com.st.stm32cube.ide.mcu.externaltools.gnu-tools-for-stm32.12.3.rel1.win32_1.0.200.202406191623/tools/bin/../lib/gcc/arm-none-eabi/12.3.1/../../../../arm-none-eabi/lib/thumb/v7e-m+dp/hard\libc_nano.a(libc_a-findfp.o) (__sread)
C:/ST/STM32CubeIDE_1.16.0/STM32CubeIDE/plugins/com.st.stm32cube.ide.mcu.externaltools.gnu-tools-for-stm32.12.3.rel1.win32_1.0.200.202406191623/tools/bin/../lib/gcc/arm-none-eabi/12.3.1/../../../../arm-none-eabi/lib/thumb/v7e-m+dp/hard\libc_nano.a(libc_a-memset.o)
                              C:/ST/STM32CubeIDE_1.16.0/STM32CubeIDE/plugins/com.st.stm32cube.ide.mcu.externaltools.gnu-tools-for-stm32.12.3.rel1.win32_1.0.200.202406191623/tools/bin/../lib/gcc/arm-none-eabi/12.3.1/../../../../arm-none-eabi/lib/thumb/v7e-m+dp/hard/crt0.o (memset)
C:/ST/STM32CubeIDE_1.16.0/STM32CubeIDE/plugins/com.st.stm32cube.ide.mcu.externaltools.gnu-tools-for-stm32.12.3.rel1.win32_1.0.200.202406191623/tools/bin/../lib/gcc/arm-none-eabi/12.3.1/../../../../arm-none-eabi/lib/thumb/v7e-m+dp/hard\libc_nano.a(libc_a-closer.o)
                              C:/ST/STM32CubeIDE_1.16.0/STM32CubeIDE/plugins/com.st.stm32cube.ide.mcu.externaltools.gnu-tools-for-stm32.12.3.rel1.win32_1.0.200.202406191623/tools/bin/../lib/gcc/arm-none-eabi/12.3.1/../../../../arm-none-eabi/lib/thumb/v7e-m+dp/hard\libc_nano.a(libc_a-stdio.o) (_close_r)
C:/ST/STM32CubeIDE_1.16.0/STM32CubeIDE/plugins/com.st.stm32cube.ide.mcu.externaltools.gnu-tools-for-stm32.12.3.rel1.win32_1.0.200.202406191623/tools/bin/../lib/gcc/arm-none-eabi/12.3.1/../../../../arm-none-eabi/lib/thumb/v7e-m+dp/hard\libc_nano.a(libc_a-reent.o)
                              C:/ST/STM32CubeIDE_1.16.0/STM32CubeIDE/plugins/com.st.stm32cube.ide.mcu.externaltools.gnu-tools-for-stm32.12.3.rel1.win32_1.0.200.202406191623/tools/bin/../lib/gcc/arm-none-eabi/12.3.1/../../../../arm-none-eabi/lib/thumb/v7e-m+dp/hard\libc_nano.a(libc_a-closer.o) (errno)
C:/ST/STM32CubeIDE_1.16.0/STM32CubeIDE/plugins/com.st.stm32cube.ide.mcu.externaltools.gnu-tools-for-stm32.12.3.rel1.win32_1.0.200.202406191623/tools/bin/../lib/gcc/arm-none-eabi/12.3.1/../../../../arm-none-eabi/lib/thumb/v7e-m+dp/hard\libc_nano.a(libc_a-impure.o)
                              C:/ST/STM32CubeIDE_1.16.0/STM32CubeIDE/plugins/com.st.stm32cube.ide.mcu.externaltools.gnu-tools-for-stm32.12.3.rel1.win32_1.0.200.202406191623/tools/bin/../lib/gcc/arm-none-eabi/12.3.1/../../../../arm-none-eabi/lib/thumb/v7e-m+dp/hard\libc_nano.a(libc_a-reent.o) (_impure_ptr)
C:/ST/STM32CubeIDE_1.16.0/STM32CubeIDE/plugins/com.st.stm32cube.ide.mcu.externaltools.gnu-tools-for-stm32.12.3.rel1.win32_1.0.200.202406191623/tools/bin/../lib/gcc/arm-none-eabi/12.3.1/../../../../arm-none-eabi/lib/thumb/v7e-m+dp/hard\libc_nano.a(libc_a-lseekr.o)
[...]
Memory Configuration

Name             Origin             Length             Attributes
FLASH            0x08000000         0x00020000         xr
DTCMRAM          0x20000000         0x00020000         xrw
RAM_D1           0x24000000         0x00080000         xrw
RAM_D2           0x30000000         0x00048000         xrw
RAM_D3           0x38000000         0x00010000         xrw
ITCMRAM          0x00000000         0x00010000         xrw
*default*        0x00000000         0xffffffff

Linker script and memory map

LOAD C:/ST/STM32CubeIDE_1.16.0/STM32CubeIDE/plugins/com.st.stm32cube.ide.mcu.externaltools.gnu-tools-for-stm32.12.3.rel1.win32_1.0.200.202406191623/tools/bin/../lib/gcc/arm-none-eabi/12.3.1/thumb/v7e-m+dp/hard/crti.o
LOAD C:/ST/STM32CubeIDE_1.16.0/STM32CubeIDE/plugins/com.st.stm32cube.ide.mcu.externaltools.gnu-tools-for-stm32.12.3.rel1.win32_1.0.200.202406191623/tools/bin/../lib/gcc/arm-none-eabi/12.3.1/thumb/v7e-m+dp/hard/crtbegin.o
LOAD C:/ST/STM32CubeIDE_1.16.0/STM32CubeIDE/plugins/com.st.stm32cube.ide.mcu.externaltools.gnu-tools-for-stm32.12.3.rel1.win32_1.0.200.202406191623/tools/bin/../lib/gcc/arm-none-eabi/12.3.1/../../../../arm-none-eabi/lib/thumb/v7e-m+dp/hard/crt0.o
LOAD ./Core/Src/P_Controller.o
LOAD ./Core/Src/main.o
LOAD ./Core/Src/stm32h7xx_hal_msp.o
LOAD ./Core/Src/stm32h7xx_it.o
LOAD ./Core/Src/syscalls.o
LOAD ./Core/Src/sysmem.o
LOAD ./Core/Src/system_stm32h7xx.o
LOAD ./Core/Startup/startup_stm32h750vbtx.o
LOAD ./Drivers/STM32H7xx_HAL_Driver/Src/stm32h7xx_hal.o
LOAD ./Drivers/STM32H7xx_HAL_Driver/Src/stm32h7xx_hal_adc.o
LOAD ./Drivers/STM32H7xx_HAL_Driver/Src/stm32h7xx_hal_adc_ex.o
LOAD ./Drivers/STM32H7xx_HAL_Driver/Src/stm32h7xx_hal_cortex.o
LOAD ./Drivers/STM32H7xx_HAL_Driver/Src/stm32h7xx_hal_dma.o
LOAD ./Drivers/STM32H7xx_HAL_Driver/Src/stm32h7xx_hal_dma_ex.o
LOAD ./Drivers/STM32H7xx_HAL_Driver/Src/stm32h7xx_hal_exti.o
LOAD ./Drivers/STM32H7xx_HAL_Driver/Src/stm32h7xx_hal_fdcan.o
LOAD ./Drivers/STM32H7xx_HAL_Driver/Src/stm32h7xx_hal_flash.o
LOAD ./Drivers/STM32H7xx_HAL_Driver/Src/stm32h7xx_hal_flash_ex.o
LOAD ./Drivers/STM32H7xx_HAL_Driver/Src/stm32h7xx_hal_gpio.o
LOAD ./Drivers/STM32H7xx_HAL_Driver/Src/stm32h7xx_hal_hsem.o
LOAD ./Drivers/STM32H7xx_HAL_Driver/Src/stm32h7xx_hal_i2c.o
LOAD ./Drivers/STM32H7xx_HAL_Driver/Src/stm32h7xx_hal_i2c_ex.o
LOAD ./Drivers/STM32H7xx_HAL_Driver/Src/stm32h7xx_hal_mdma.o
LOAD ./Drivers/STM32H7xx_HAL_Driver/Src/stm32h7xx_hal_pwr.o
LOAD ./Drivers/STM32H7xx_HAL_Driver/Src/stm32h7xx_hal_pwr_ex.o
LOAD ./Drivers/STM32H7xx_HAL_Driver/Src/stm32h7xx_hal_rcc.o
LOAD ./Drivers/STM32H7xx_HAL_Driver/Src/stm32h7xx_hal_rcc_ex.o
LOAD ./Drivers/STM32H7xx_HAL_Driver/Src/stm32h7xx_hal_tim.o
LOAD ./Drivers/STM32H7xx_HAL_Driver/Src/stm32h7xx_hal_tim_ex.o
START GROUP
LOAD C:/ST/STM32CubeIDE_1.16.0/STM32CubeIDE/plugins/com.st.stm32cube.ide.mcu.externaltools.gnu-tools-for-stm32.12.3.rel1.win32_1.0.200.202406191623/tools/bin/../lib/gcc/arm-none-eabi/12.3.1/../../../../arm-none-eabi/lib/thumb/v7e-m+dp/hard\libc_nano.a
LOAD C:/ST/STM32CubeIDE_1.16.0/STM32CubeIDE/plugins/com.st.stm32cube.ide.mcu.externaltools.gnu-tools-for-stm32.12.3.rel1.win32_1.0.200.202406191623/tools/bin/../lib/gcc/arm-none-eabi/12.3.1/../../../../arm-none-eabi/lib/thumb/v7e-m+dp/hard\libm.a
END GROUP
START GROUP
LOAD C:/ST/STM32CubeIDE_1.16.0/STM32CubeIDE/plugins/com.st.stm32cube.ide.mcu.externaltools.gnu-tools-for-stm32.12.3.rel1.win32_1.0.200.202406191623/tools/bin/../lib/gcc/arm-none-eabi/12.3.1/thumb/v7e-m+dp/hard\libgcc.a
LOAD C:/ST/STM32CubeIDE_1.16.0/STM32CubeIDE/plugins/com.st.stm32cube.ide.mcu.externaltools.gnu-tools-for-stm32.12.3.rel1.win32_1.0.200.202406191623/tools/bin/../lib/gcc/arm-none-eabi/12.3.1/../../../../arm-none-eabi/lib/thumb/v7e-m+dp/hard\libc_nano.a
END GROUP
START GROUP
LOAD C:/ST/STM32CubeIDE_1.16.0/STM32CubeIDE/plugins/com.st.stm32cube.ide.mcu.externaltools.gnu-tools-for-stm32.12.3.rel1.win32_1.0.200.202406191623/tools/bin/../lib/gcc/arm-none-eabi/12.3.1/thumb/v7e-m+dp/hard\libgcc.a
LOAD C:/ST/STM32CubeIDE_1.16.0/STM32CubeIDE/plugins/com.st.stm32cube.ide.mcu.externaltools.gnu-tools-for-stm32.12.3.rel1.win32_1.0.200.202406191623/tools/bin/../lib/gcc/arm-none-eabi/12.3.1/../../../../arm-none-eabi/lib/thumb/v7e-m+dp/hard\libc_nano.a
LOAD C:/ST/STM32CubeIDE_1.16.0/STM32CubeIDE/plugins/com.st.stm32cube.ide.mcu.externaltools.gnu-tools-for-stm32.12.3.rel1.win32_1.0.200.202406191623/tools/bin/../lib/gcc/arm-none-eabi/12.3.1/../../../../arm-none-eabi/lib/thumb/v7e-m+dp/hard\libnosys.a
END GROUP
START GROUP
LOAD C:/ST/STM32CubeIDE_1.16.0/STM32CubeIDE/plugins/com.st.stm32cube.ide.mcu.externaltools.gnu-tools-for-stm32.12.3.rel1.win32_1.0.200.202406191623/tools/bin/../lib/gcc/arm-none-eabi/12.3.1/thumb/v7e-m+dp/hard\libgcc.a
LOAD C:/ST/STM32CubeIDE_1.16.0/STM32CubeIDE/plugins/com.st.stm32cube.ide.mcu.externaltools.gnu-tools-for-stm32.12.3.rel1.win32_1.0.200.202406191623/tools/bin/../lib/gcc/arm-none-eabi/12.3.1/../../../../arm-none-eabi/lib/thumb/v7e-m+dp/hard\libc_nano.a
LOAD C:/ST/STM32CubeIDE_1.16.0/STM32CubeIDE/plugins/com.st.stm32cube.ide.mcu.externaltools.gnu-tools-for-stm32.12.3.rel1.win32_1.0.200.202406191623/tools/bin/../lib/gcc/arm-none-eabi/12.3.1/../../../../arm-none-eabi/lib/thumb/v7e-m+dp/hard\libnosys.a
END GROUP
LOAD C:/ST/STM32CubeIDE_1.16.0/STM32CubeIDE/plugins/com.st.stm32cube.ide.mcu.externaltools.gnu-tools-for-stm32.12.3.rel1.win32_1.0.200.202406191623/tools/bin/../lib/gcc/arm-none-eabi/12.3.1/thumb/v7e-m+dp/hard/crtend.o
LOAD C:/ST/STM32CubeIDE_1.16.0/STM32CubeIDE/plugins/com.st.stm32cube.ide.mcu.externaltools.gnu-tools-for-stm32.12.3.rel1.win32_1.0.200.202406191623/tools/bin/../lib/gcc/arm-none-eabi/12.3.1/thumb/v7e-m+dp/hard/crtn.o
                0x24080000                        _estack = (ORIGIN (RAM_D1) + LENGTH (RAM_D1))
                0x00000200                        _Min_Heap_Size = 0x200
                0x00000400                        _Min_Stack_Size = 0x400

.isr_vector     0x08000000      0x298
                0x08000000                        . = ALIGN (0x4)
 *(.isr_vector)
 .isr_vector    0x08000000      0x298 ./Core/Startup/startup_stm32h750vbtx.o
                0x08000000                g_pfnVectors
                0x08000298                        . = ALIGN (0x4)

.text           0x08000298     0xa69c
                0x08000298                        . = ALIGN (0x4)
 *(.text)
 .text          0x08000298       0x40 C:/ST/STM32CubeIDE_1.16.0/STM32CubeIDE/plugins/com.st.stm32cube.ide.mcu.externaltools.gnu-tools-for-stm32.12.3.rel1.win32_1.0.200.202406191623/tools/bin/../lib/gcc/arm-none-eabi/12.3.1/thumb/v7e-m+dp/hard/crtbegin.o
 *(.text*)
 .text.P_Controller_Init
                0x080002d8       0x1e ./Core/Src/P_Controller.o
                0x080002d8                P_Controller_Init
 *fill*         0x080002f6        0x2 
 .text.master_init
                0x080002f8       0x50 ./Core/Src/main.o
                0x080002f8                master_init
 .text.HAL_ADC_ConvCpltCallback
                0x08000348       0x14 ./Core/Src/main.o
                0x08000348                HAL_ADC_ConvCpltCallback
 .text.main     0x0800035c       0x5c ./Core/Src/main.o
                0x0800035c                main
 .text.SystemClock_Config
                0x080003b8      0x100 ./Core/Src/main.o
                0x080003b8                SystemClock_Config
 .text.MX_ADC1_Init
                0x080004b8      0x148 ./Core/Src/main.o
 .text.MX_FDCAN1_Init
                0x08000600       0xc8 ./Core/Src/main.o
 .text.MX_TIM2_Init
                0x080006c8      0x134 ./Core/Src/main.o
 .text.MX_TIM12_Init
                0x080007fc       0xf0 ./Core/Src/main.o
 .text.MX_DMA_Init
                0x080008ec       0x40 ./Core/Src/main.o
 .text.MX_GPIO_Init
                0x0800092c      0x1a0 ./Core/Src/main.o
 .text.MPU_Config
                0x08000acc       0x58 ./Core/Src/main.o
 .text.Error_Handler
                0x08000b24        0xc ./Core/Src/main.o
                0x08000b24                Error_Handler
 .text.HAL_MspInit
                0x08000b30       0x34 ./Core/Src/stm32h7xx_hal_msp.o
                0x08000b30                HAL_MspInit
 .text.HAL_ADC_MspInit
                0x08000b64      0x18c ./Core/Src/stm32h7xx_hal_msp.o
                0x08000b64                HAL_ADC_MspInit
 .text.HAL_FDCAN_MspInit
                0x08000cf0       0xd4 ./Core/Src/stm32h7xx_hal_msp.o
                0x08000cf0                HAL_FDCAN_MspInit
 .text.HAL_TIM_Base_MspInit
                0x08000dc4       0xc0 ./Core/Src/stm32h7xx_hal_msp.o
                0x08000dc4                HAL_TIM_Base_MspInit
 .text.HAL_TIM_MspPostInit
                0x08000e84       0xc4 ./Core/Src/stm32h7xx_hal_msp.o
                0x08000e84                HAL_TIM_MspPostInit
 .text.NMI_Handler
                0x08000f48        0x8 ./Core/Src/stm32h7xx_it.o
                0x08000f48                NMI_Handler
 .text.HardFault_Handler
                0x08000f50        0x8 ./Core/Src/stm32h7xx_it.o
                0x08000f50                HardFault_Handler
 .text.MemManage_Handler
                0x08000f58        0x8 ./Core/Src/stm32h7xx_it.o
                0x08000f58                MemManage_Handler
 .text.BusFault_Handler
                0x08000f60        0x8 ./Core/Src/stm32h7xx_it.o
                0x08000f60                BusFault_Handler
 .text.UsageFault_Handler
                0x08000f68        0x8 ./Core/Src/stm32h7xx_it.o
                0x08000f68                UsageFault_Handler
 .text.SVC_Handler
                0x08000f70        0xe ./Core/Src/stm32h7xx_it.o
                0x08000f70                SVC_Handler
 .text.DebugMon_Handler
                0x08000f7e        0xe ./Core/Src/stm32h7xx_it.o
                0x08000f7e                DebugMon_Handler
 .text.PendSV_Handler
                0x08000f8c        0xe ./Core/Src/stm32h7xx_it.o
                0x08000f8c                PendSV_Handler
 .text.SysTick_Handler
                0x08000f9a        0xc ./Core/Src/stm32h7xx_it.o
                0x08000f9a                SysTick_Handler
 *fill*         0x08000fa6        0x2 
 .text.DMA1_Stream0_IRQHandler
                0x08000fa8       0x14 ./Core/Src/stm32h7xx_it.o
                0x08000fa8                DMA1_Stream0_IRQHandler
 .text.SystemInit
                0x08000fbc      0x110 ./Core/Src/system_stm32h7xx.o
                0x08000fbc                SystemInit
 .text.Reset_Handler
                0x080010cc       0x50 ./Core/Startup/startup_stm32h750vbtx.o
                0x080010cc                Reset_Handler
 .text.Default_Handler
                0x0800111c        0x2 ./Core/Startup/startup_stm32h750vbtx.o
                0x0800111c                RTC_Alarm_IRQHandler
                0x0800111c                HASH_RNG_IRQHandler
                0x0800111c                EXTI2_IRQHandler
                0x0800111c                TIM8_CC_IRQHandler
                0x0800111c                HRTIM1_Master_IRQHandler
                0x0800111c                UART8_IRQHandler
                0x0800111c                SPI4_IRQHandler
                0x0800111c                TIM1_CC_IRQHandler
                0x0800111c                BDMA_Channel6_IRQHandler
                0x0800111c                DMA2_Stream5_IRQHandler
                0x0800111c                HRTIM1_FLT_IRQHandler
                0x0800111c                JPEG_IRQHandler
                0x0800111c                DMA1_Stream5_IRQHandler
                0x0800111c                BDMA_Channel1_IRQHandler
                0x0800111c                HRTIM1_TIMD_IRQHandler
                0x0800111c                TAMP_STAMP_IRQHandler
                0x0800111c                EXTI3_IRQHandler
                0x0800111c                LPTIM4_IRQHandler
                0x0800111c                TIM8_TRG_COM_TIM14_IRQHandler
                0x0800111c                LPTIM2_IRQHandler
                0x0800111c                DFSDM1_FLT1_IRQHandler
                0x0800111c                DMAMUX2_OVR_IRQHandler
                0x0800111c                TIM8_UP_TIM13_IRQHandler
                0x0800111c                I2C3_ER_IRQHandler
                0x0800111c                DFSDM1_FLT2_IRQHandler
                0x0800111c                MDMA_IRQHandler
                0x0800111c                LPTIM3_IRQHandler
                0x0800111c                HSEM1_IRQHandler
                0x0800111c                EXTI0_IRQHandler
                0x0800111c                I2C2_EV_IRQHandler
                0x0800111c                DMA1_Stream2_IRQHandler
                0x0800111c                FPU_IRQHandler
                0x0800111c                OTG_HS_WKUP_IRQHandler
                0x0800111c                FDCAN1_IT1_IRQHandler
                0x0800111c                LTDC_ER_IRQHandler
                0x0800111c                DMA2_Stream2_IRQHandler
                0x0800111c                HRTIM1_TIME_IRQHandler
                0x0800111c                SPI1_IRQHandler
                0x0800111c                TIM6_DAC_IRQHandler
                0x0800111c                DCMI_IRQHandler
                0x0800111c                HRTIM1_TIMC_IRQHandler
                0x0800111c                DMA2_Stream3_IRQHandler
                0x0800111c                SAI2_IRQHandler
                0x0800111c                DFSDM1_FLT3_IRQHandler
                0x0800111c                USART6_IRQHandler
                0x0800111c                TIM17_IRQHandler
                0x0800111c                USART3_IRQHandler
                0x0800111c                BDMA_Channel7_IRQHandler
                0x0800111c                CRYP_IRQHandler
                0x0800111c                LPTIM5_IRQHandler
                0x0800111c                UART5_IRQHandler
                0x0800111c                ADC3_IRQHandler
                0x0800111c                DMA2_Stream0_IRQHandler
                0x0800111c                TIM4_IRQHandler
                0x0800111c                BDMA_Channel2_IRQHandler
                0x0800111c                QUADSPI_IRQHandler
                0x0800111c                I2C1_EV_IRQHandler
                0x0800111c                DMA1_Stream6_IRQHandler
                0x0800111c                DMAMUX1_OVR_IRQHandler
                0x0800111c                DMA1_Stream1_IRQHandler
                0x0800111c                TIM16_IRQHandler
                0x0800111c                UART4_IRQHandler
                0x0800111c                BDMA_Channel5_IRQHandler
                0x0800111c                TIM3_IRQHandler
                0x0800111c                RCC_IRQHandler
                0x0800111c                TIM8_BRK_TIM12_IRQHandler
                0x0800111c                TIM1_TRG_COM_IRQHandler
                0x0800111c                Default_Handler
                0x0800111c                ECC_IRQHandler
                0x0800111c                CEC_IRQHandler
                0x0800111c                EXTI15_10_IRQHandler
                0x0800111c                BDMA_Channel0_IRQHandler
                0x0800111c                ADC_IRQHandler
                0x0800111c                DMA1_Stream7_IRQHandler
                0x0800111c                HRTIM1_TIMA_IRQHandler
                0x0800111c                SPI5_IRQHandler
                0x0800111c                TIM7_IRQHandler
                0x0800111c                SDMMC1_IRQHandler
                0x0800111c                TIM5_IRQHandler
                0x0800111c                DMA2_Stream7_IRQHandler
                0x0800111c                TIM15_IRQHandler
                0x0800111c                PVD_AVD_IRQHandler
                0x0800111c                I2C3_EV_IRQHandler
                0x0800111c                EXTI9_5_IRQHandler
                0x0800111c                RTC_WKUP_IRQHandler
                0x0800111c                LTDC_IRQHandler
                0x0800111c                SAI3_IRQHandler
                0x0800111c                ETH_WKUP_IRQHandler
                0x0800111c                SPDIF_RX_IRQHandler
                0x0800111c                SPI2_IRQHandler
                0x0800111c                OTG_HS_EP1_IN_IRQHandler
                0x0800111c                CRS_IRQHandler
                0x0800111c                EXTI4_IRQHandler
                0x0800111c                HRTIM1_TIMB_IRQHandler
                0x0800111c                FDCAN2_IT1_IRQHandler
                0x0800111c                ETH_IRQHandler
                0x0800111c                TIM1_UP_IRQHandler
                0x0800111c                BDMA_Channel4_IRQHandler
                0x0800111c                OTG_HS_EP1_OUT_IRQHandler
                0x0800111c                WWDG_IRQHandler
                0x0800111c                SPI6_IRQHandler
                0x0800111c                MDIOS_IRQHandler
                0x0800111c                I2C4_EV_IRQHandler
                0x0800111c                FDCAN2_IT0_IRQHandler
                0x0800111c                LPUART1_IRQHandler
                0x0800111c                FDCAN1_IT0_IRQHandler
                0x0800111c                TIM2_IRQHandler
                0x0800111c                OTG_FS_WKUP_IRQHandler
                0x0800111c                OTG_HS_IRQHandler
                0x0800111c                DMA2D_IRQHandler
                0x0800111c                TIM1_BRK_IRQHandler
                0x0800111c                EXTI1_IRQHandler
                0x0800111c                SDMMC2_IRQHandler
                0x0800111c                OTG_FS_EP1_OUT_IRQHandler
                0x0800111c                BDMA_Channel3_IRQHandler
                0x0800111c                UART7_IRQHandler
                0x0800111c                MDIOS_WKUP_IRQHandler
                0x0800111c                USART2_IRQHandler
                0x0800111c                DFSDM1_FLT0_IRQHandler
                0x0800111c                SAI4_IRQHandler
                0x0800111c                I2C2_ER_IRQHandler
                0x0800111c                DMA2_Stream1_IRQHandler
                0x0800111c                FLASH_IRQHandler
                0x0800111c                DMA2_Stream4_IRQHandler
                0x0800111c                USART1_IRQHandler
                0x0800111c                OTG_FS_IRQHandler
                0x0800111c                SPI3_IRQHandler
                0x0800111c                WAKEUP_PIN_IRQHandler
                0x0800111c                DMA1_Stream4_IRQHandler
                0x0800111c                OTG_FS_EP1_IN_IRQHandler
                0x0800111c                I2C1_ER_IRQHandler
                0x0800111c                FMC_IRQHandler
                0x0800111c                FDCAN_CAL_IRQHandler
                0x0800111c                SWPMI1_IRQHandler
                0x0800111c                COMP1_IRQHandler
                0x0800111c                LPTIM1_IRQHandler
                0x0800111c                I2C4_ER_IRQHandler
                0x0800111c                DMA2_Stream6_IRQHandler
                0x0800111c                SAI1_IRQHandler
                0x0800111c                DMA1_Stream3_IRQHandler
 *fill*         0x0800111e        0x2 
 .text.HAL_Init
                0x08001120       0x78 ./Drivers/STM32H7xx_HAL_Driver/Src/stm32h7xx_hal.o
                0x08001120                HAL_Init
 .text.HAL_InitTick
                0x08001198       0x6c ./Drivers/STM32H7xx_HAL_Driver/Src/stm32h7xx_hal.o
                0x08001198                HAL_InitTick
 .text.HAL_IncTick
                0x08001204       0x28 ./Drivers/STM32H7xx_HAL_Driver/Src/stm32h7xx_hal.o
                0x08001204                HAL_IncTick
 .text.HAL_GetTick
                0x0800122c       0x18 ./Drivers/STM32H7xx_HAL_Driver/Src/stm32h7xx_hal.o
                0x0800122c                HAL_GetTick
 .text.HAL_GetREVID
                0x08001244       0x18 ./Drivers/STM32H7xx_HAL_Driver/Src/stm32h7xx_hal.o
                0x08001244                HAL_GetREVID
 .text.LL_ADC_SetCommonClock
                0x0800125c       0x26 ./Drivers/STM32H7xx_HAL_Driver/Src/stm32h7xx_hal_adc.o
 .text.LL_ADC_SetCommonPathInternalCh
                0x08001282       0x26 ./Drivers/STM32H7xx_HAL_Driver/Src/stm32h7xx_hal_adc.o
 .text.LL_ADC_GetCommonPathInternalCh
                0x080012a8       0x1c ./Drivers/STM32H7xx_HAL_Driver/Src/stm32h7xx_hal_adc.o
 .text.LL_ADC_SetOffset
                0x080012c4       0x40 ./Drivers/STM32H7xx_HAL_Driver/Src/stm32h7xx_hal_adc.o
 .text.LL_ADC_SetDataRightShift
                0x08001304       0x32 ./Drivers/STM32H7xx_HAL_Driver/Src/stm32h7xx_hal_adc.o
 .text.LL_ADC_SetOffsetSignedSaturation
                0x08001336       0x36 ./Drivers/STM32H7xx_HAL_Driver/Src/stm32h7xx_hal_adc.o
 .text.LL_ADC_REG_IsTriggerSourceSWStart
                0x0800136c       0x26 ./Drivers/STM32H7xx_HAL_Driver/Src/stm32h7xx_hal_adc.o
 .text.LL_ADC_REG_SetSequencerRanks
                0x08001392       0x58 ./Drivers/STM32H7xx_HAL_Driver/Src/stm32h7xx_hal_adc.o
 .text.LL_ADC_REG_SetDataTransferMode
                0x080013ea       0x26 ./Drivers/STM32H7xx_HAL_Driver/Src/stm32h7xx_hal_adc.o
 .text.LL_ADC_SetChannelSamplingTime
                0x08001410       0x56 ./Drivers/STM32H7xx_HAL_Driver/Src/stm32h7xx_hal_adc.o
 *fill*         0x08001466        0x2 
 .text.LL_ADC_SetChannelSingleDiff
                0x08001468       0x48 ./Drivers/STM32H7xx_HAL_Driver/Src/stm32h7xx_hal_adc.o
 .text.LL_ADC_GetMultimode
                0x080014b0       0x1c ./Drivers/STM32H7xx_HAL_Driver/Src/stm32h7xx_hal_adc.o
 .text.LL_ADC_DisableDeepPowerDown
                0x080014cc       0x24 ./Drivers/STM32H7xx_HAL_Driver/Src/stm32h7xx_hal_adc.o
 .text.LL_ADC_IsDeepPowerDownEnabled
                0x080014f0       0x28 ./Drivers/STM32H7xx_HAL_Driver/Src/stm32h7xx_hal_adc.o
 .text.LL_ADC_EnableInternalRegulator
                0x08001518       0x28 ./Drivers/STM32H7xx_HAL_Driver/Src/stm32h7xx_hal_adc.o
 .text.LL_ADC_IsInternalRegulatorEnabled
                0x08001540       0x28 ./Drivers/STM32H7xx_HAL_Driver/Src/stm32h7xx_hal_adc.o
 .text.LL_ADC_Enable
                0x08001568       0x28 ./Drivers/STM32H7xx_HAL_Driver/Src/stm32h7xx_hal_adc.o
 .text.LL_ADC_IsEnabled
                0x08001590       0x26 ./Drivers/STM32H7xx_HAL_Driver/Src/stm32h7xx_hal_adc.o
 *fill*         0x080015b6        0x2 
 .text.LL_ADC_REG_StartConversion
                0x080015b8       0x28 ./Drivers/STM32H7xx_HAL_Driver/Src/stm32h7xx_hal_adc.o
 .text.LL_ADC_REG_IsConversionOngoing
                0x080015e0       0x26 ./Drivers/STM32H7xx_HAL_Driver/Src/stm32h7xx_hal_adc.o
 .text.LL_ADC_INJ_IsConversionOngoing
                0x08001606       0x26 ./Drivers/STM32H7xx_HAL_Driver/Src/stm32h7xx_hal_adc.o
 .text.HAL_ADC_Init
                0x0800162c      0x344 ./Drivers/STM32H7xx_HAL_Driver/Src/stm32h7xx_hal_adc.o
                0x0800162c                HAL_ADC_Init
 .text.HAL_ADC_Start_DMA
                0x08001970      0x188 ./Drivers/STM32H7xx_HAL_Driver/Src/stm32h7xx_hal_adc.o
                0x08001970                HAL_ADC_Start_DMA
 .text.HAL_ADC_ConvHalfCpltCallback
                0x08001af8       0x14 ./Drivers/STM32H7xx_HAL_Driver/Src/stm32h7xx_hal_adc.o
                0x08001af8                HAL_ADC_ConvHalfCpltCallback
 .text.HAL_ADC_ErrorCallback
                0x08001b0c       0x14 ./Drivers/STM32H7xx_HAL_Driver/Src/stm32h7xx_hal_adc.o
                0x08001b0c                HAL_ADC_ErrorCallback
 .text.HAL_ADC_ConfigChannel
                0x08001b20      0x6b8 ./Drivers/STM32H7xx_HAL_Driver/Src/stm32h7xx_hal_adc.o
                0x08001b20                HAL_ADC_ConfigChannel
 .text.ADC_Enable
                0x080021d8      0x114 ./Drivers/STM32H7xx_HAL_Driver/Src/stm32h7xx_hal_adc.o
                0x080021d8                ADC_Enable
 .text.ADC_DMAConvCplt
                0x080022ec       0xd8 ./Drivers/STM32H7xx_HAL_Driver/Src/stm32h7xx_hal_adc.o
                0x080022ec                ADC_DMAConvCplt
 .text.ADC_DMAHalfConvCplt
                0x080023c4       0x1c ./Drivers/STM32H7xx_HAL_Driver/Src/stm32h7xx_hal_adc.o
                0x080023c4                ADC_DMAHalfConvCplt
 .text.ADC_DMAError
                0x080023e0       0x34 ./Drivers/STM32H7xx_HAL_Driver/Src/stm32h7xx_hal_adc.o
                0x080023e0                ADC_DMAError
 .text.ADC_ConfigureBoostMode
                0x08002414      0x218 ./Drivers/STM32H7xx_HAL_Driver/Src/stm32h7xx_hal_adc.o
                0x08002414                ADC_ConfigureBoostMode
 .text.LL_ADC_IsEnabled
                0x0800262c       0x26 ./Drivers/STM32H7xx_HAL_Driver/Src/stm32h7xx_hal_adc_ex.o
 .text.LL_ADC_REG_IsConversionOngoing
                0x08002652       0x26 ./Drivers/STM32H7xx_HAL_Driver/Src/stm32h7xx_hal_adc_ex.o
 .text.HAL_ADCEx_MultiModeConfigChannel
                0x08002678      0x1bc ./Drivers/STM32H7xx_HAL_Driver/Src/stm32h7xx_hal_adc_ex.o
                0x08002678                HAL_ADCEx_MultiModeConfigChannel
 .text.__NVIC_SetPriorityGrouping
                0x08002834       0x48 ./Drivers/STM32H7xx_HAL_Driver/Src/stm32h7xx_hal_cortex.o
 .text.__NVIC_GetPriorityGrouping
                0x0800287c       0x1c ./Drivers/STM32H7xx_HAL_Driver/Src/stm32h7xx_hal_cortex.o
 .text.__NVIC_EnableIRQ
                0x08002898       0x3c ./Drivers/STM32H7xx_HAL_Driver/Src/stm32h7xx_hal_cortex.o
 .text.__NVIC_SetPriority
                0x080028d4       0x54 ./Drivers/STM32H7xx_HAL_Driver/Src/stm32h7xx_hal_cortex.o
 .text.NVIC_EncodePriority
                0x08002928       0x66 ./Drivers/STM32H7xx_HAL_Driver/Src/stm32h7xx_hal_cortex.o
 *fill*         0x0800298e        0x2 
 .text.SysTick_Config
                0x08002990       0x44 ./Drivers/STM32H7xx_HAL_Driver/Src/stm32h7xx_hal_cortex.o
 .text.HAL_NVIC_SetPriorityGrouping
                0x080029d4       0x16 ./Drivers/STM32H7xx_HAL_Driver/Src/stm32h7xx_hal_cortex.o
                0x080029d4                HAL_NVIC_SetPriorityGrouping
 .text.HAL_NVIC_SetPriority
                0x080029ea       0x34 ./Drivers/STM32H7xx_HAL_Driver/Src/stm32h7xx_hal_cortex.o
                0x080029ea                HAL_NVIC_SetPriority
 .text.HAL_NVIC_EnableIRQ
                0x08002a1e       0x1c ./Drivers/STM32H7xx_HAL_Driver/Src/stm32h7xx_hal_cortex.o
                0x08002a1e                HAL_NVIC_EnableIRQ
 .text.HAL_SYSTICK_Config
                0x08002a3a       0x18 ./Drivers/STM32H7xx_HAL_Driver/Src/stm32h7xx_hal_cortex.o
                0x08002a3a                HAL_SYSTICK_Config
 *fill*         0x08002a52        0x2 
 .text.HAL_MPU_Disable
                0x08002a54       0x30 ./Drivers/STM32H7xx_HAL_Driver/Src/stm32h7xx_hal_cortex.o
                0x08002a54                HAL_MPU_Disable
 .text.HAL_MPU_Enable
                0x08002a84       0x40 ./Drivers/STM32H7xx_HAL_Driver/Src/stm32h7xx_hal_cortex.o
                0x08002a84                HAL_MPU_Enable
 .text.HAL_MPU_ConfigRegion
                0x08002ac4       0x80 ./Drivers/STM32H7xx_HAL_Driver/Src/stm32h7xx_hal_cortex.o
                0x08002ac4                HAL_MPU_ConfigRegion
 .text.HAL_DMA_Init
                0x08002b44      0x6b8 ./Drivers/STM32H7xx_HAL_Driver/Src/stm32h7xx_hal_dma.o
                0x08002b44                HAL_DMA_Init
 .text.HAL_DMA_Start_IT
                0x080031fc      0x4d4 ./Drivers/STM32H7xx_HAL_Driver/Src/stm32h7xx_hal_dma.o
                0x080031fc                HAL_DMA_Start_IT
 .text.HAL_DMA_IRQHandler
                0x080036d0      0xe54 ./Drivers/STM32H7xx_HAL_Driver/Src/stm32h7xx_hal_dma.o
                0x080036d0                HAL_DMA_IRQHandler
 .text.DMA_SetConfig
                0x08004524      0x358 ./Drivers/STM32H7xx_HAL_Driver/Src/stm32h7xx_hal_dma.o
 .text.DMA_CalcBaseAndBitshift
                0x0800487c      0x164 ./Drivers/STM32H7xx_HAL_Driver/Src/stm32h7xx_hal_dma.o
 .text.DMA_CheckFifoParam
                0x080049e0       0xf8 ./Drivers/STM32H7xx_HAL_Driver/Src/stm32h7xx_hal_dma.o
 .text.DMA_CalcDMAMUXChannelBaseAndMask
                0x08004ad8      0x134 ./Drivers/STM32H7xx_HAL_Driver/Src/stm32h7xx_hal_dma.o
 .text.DMA_CalcDMAMUXRequestGenBaseAndMask
                0x08004c0c       0xe8 ./Drivers/STM32H7xx_HAL_Driver/Src/stm32h7xx_hal_dma.o
 .text.HAL_FDCAN_Init
                0x08004cf4      0x3bc ./Drivers/STM32H7xx_HAL_Driver/Src/stm32h7xx_hal_fdcan.o
                0x08004cf4                HAL_FDCAN_Init
 .text.FDCAN_CalcultateRamBlockAddresses
                0x080050b0      0x30c ./Drivers/STM32H7xx_HAL_Driver/Src/stm32h7xx_hal_fdcan.o
 .text.HAL_GPIO_Init
                0x080053bc      0x360 ./Drivers/STM32H7xx_HAL_Driver/Src/stm32h7xx_hal_gpio.o
                0x080053bc                HAL_GPIO_Init
 .text.HAL_GPIO_WritePin
                0x0800571c       0x32 ./Drivers/STM32H7xx_HAL_Driver/Src/stm32h7xx_hal_gpio.o
                0x0800571c                HAL_GPIO_WritePin
 *fill*         0x0800574e        0x2 
 .text.HAL_PWREx_ConfigSupply
                0x08005750       0x74 ./Drivers/STM32H7xx_HAL_Driver/Src/stm32h7xx_hal_pwr_ex.o
                0x08005750                HAL_PWREx_ConfigSupply
 .text.HAL_RCC_OscConfig
                0x080057c4      0x8b4 ./Drivers/STM32H7xx_HAL_Driver/Src/stm32h7xx_hal_rcc.o
                0x080057c4                HAL_RCC_OscConfig
 .text.HAL_RCC_ClockConfig
                0x08006078      0x36c ./Drivers/STM32H7xx_HAL_Driver/Src/stm32h7xx_hal_rcc.o
                0x08006078                HAL_RCC_ClockConfig
 .text.HAL_RCC_GetSysClockFreq
                0x080063e4      0x2f4 ./Drivers/STM32H7xx_HAL_Driver/Src/stm32h7xx_hal_rcc.o
                0x080063e4                HAL_RCC_GetSysClockFreq
 .text.HAL_RCC_GetHCLKFreq
                0x080066d8       0x60 ./Drivers/STM32H7xx_HAL_Driver/Src/stm32h7xx_hal_rcc.o
                0x080066d8                HAL_RCC_GetHCLKFreq
 .text.HAL_RCC_GetPCLK1Freq
                0x08006738       0x2c ./Drivers/STM32H7xx_HAL_Driver/Src/stm32h7xx_hal_rcc.o
                0x08006738                HAL_RCC_GetPCLK1Freq
 .text.HAL_RCCEx_PeriphCLKConfig
                0x08006764     0x1414 ./Drivers/STM32H7xx_HAL_Driver/Src/stm32h7xx_hal_rcc_ex.o
                0x08006764                HAL_RCCEx_PeriphCLKConfig
 .text.HAL_RCCEx_GetPeriphCLKFreq
                0x08007b78      0xb00 ./Drivers/STM32H7xx_HAL_Driver/Src/stm32h7xx_hal_rcc_ex.o
                0x08007b78                HAL_RCCEx_GetPeriphCLKFreq
 .text.HAL_RCCEx_GetD3PCLK1Freq
                0x08008678       0x2c ./Drivers/STM32H7xx_HAL_Driver/Src/stm32h7xx_hal_rcc_ex.o
                0x08008678                HAL_RCCEx_GetD3PCLK1Freq
 .text.HAL_RCCEx_GetPLL2ClockFreq
                0x080086a4      0x2a8 ./Drivers/STM32H7xx_HAL_Driver/Src/stm32h7xx_hal_rcc_ex.o
                0x080086a4                HAL_RCCEx_GetPLL2ClockFreq
 .text.HAL_RCCEx_GetPLL3ClockFreq
                0x0800894c      0x2a8 ./Drivers/STM32H7xx_HAL_Driver/Src/stm32h7xx_hal_rcc_ex.o
                0x0800894c                HAL_RCCEx_GetPLL3ClockFreq
 .text.HAL_RCCEx_GetPLL1ClockFreq
                0x08008bf4      0x2a4 ./Drivers/STM32H7xx_HAL_Driver/Src/stm32h7xx_hal_rcc_ex.o
                0x08008bf4                HAL_RCCEx_GetPLL1ClockFreq
 .text.RCCEx_PLL2_Config
                0x08008e98      0x164 ./Drivers/STM32H7xx_HAL_Driver/Src/stm32h7xx_hal_rcc_ex.o
 .text.RCCEx_PLL3_Config
                0x08008ffc      0x164 ./Drivers/STM32H7xx_HAL_Driver/Src/stm32h7xx_hal_rcc_ex.o
 .text.HAL_TIM_Base_Init
                0x08009160       0xae ./Drivers/STM32H7xx_HAL_Driver/Src/stm32h7xx_hal_tim.o
                0x08009160                HAL_TIM_Base_Init
 .text.HAL_TIM_OC_Init
                0x0800920e       0xae ./Drivers/STM32H7xx_HAL_Driver/Src/stm32h7xx_hal_tim.o
                0x0800920e                HAL_TIM_OC_Init
 .text.HAL_TIM_OC_MspInit
                0x080092bc       0x14 ./Drivers/STM32H7xx_HAL_Driver/Src/stm32h7xx_hal_tim.o
                0x080092bc                HAL_TIM_OC_MspInit
 .text.HAL_TIM_PWM_Init
                0x080092d0       0xae ./Drivers/STM32H7xx_HAL_Driver/Src/stm32h7xx_hal_tim.o
                0x080092d0                HAL_TIM_PWM_Init
 .text.HAL_TIM_PWM_MspInit
                0x0800937e       0x14 ./Drivers/STM32H7xx_HAL_Driver/Src/stm32h7xx_hal_tim.o
                0x0800937e                HAL_TIM_PWM_MspInit
 *fill*         0x08009392        0x2 
 .text.HAL_TIM_PWM_Start
                0x08009394      0x21c ./Drivers/STM32H7xx_HAL_Driver/Src/stm32h7xx_hal_tim.o
                0x08009394                HAL_TIM_PWM_Start
 .text.HAL_TIM_IC_Init
                0x080095b0       0xae ./Drivers/STM32H7xx_HAL_Driver/Src/stm32h7xx_hal_tim.o
                0x080095b0                HAL_TIM_IC_Init
 .text.HAL_TIM_IC_MspInit
                0x0800965e       0x14 ./Drivers/STM32H7xx_HAL_Driver/Src/stm32h7xx_hal_tim.o
                0x0800965e                HAL_TIM_IC_MspInit
 *fill*         0x08009672        0x2 
 .text.HAL_TIM_OC_ConfigChannel
                0x08009674       0xf4 ./Drivers/STM32H7xx_HAL_Driver/Src/stm32h7xx_hal_tim.o
                0x08009674                HAL_TIM_OC_ConfigChannel
 .text.HAL_TIM_IC_ConfigChannel
                0x08009768      0x138 ./Drivers/STM32H7xx_HAL_Driver/Src/stm32h7xx_hal_tim.o
                0x08009768                HAL_TIM_IC_ConfigChannel
 .text.HAL_TIM_PWM_ConfigChannel
                0x080098a0      0x228 ./Drivers/STM32H7xx_HAL_Driver/Src/stm32h7xx_hal_tim.o
                0x080098a0                HAL_TIM_PWM_ConfigChannel
 .text.HAL_TIM_ConfigClockSource
                0x08009ac8      0x1f0 ./Drivers/STM32H7xx_HAL_Driver/Src/stm32h7xx_hal_tim.o
                0x08009ac8                HAL_TIM_ConfigClockSource
 .text.TIM_Base_SetConfig
                0x08009cb8      0x14c ./Drivers/STM32H7xx_HAL_Driver/Src/stm32h7xx_hal_tim.o
                0x08009cb8                TIM_Base_SetConfig
 .text.TIM_OC1_SetConfig
                0x08009e04      0x120 ./Drivers/STM32H7xx_HAL_Driver/Src/stm32h7xx_hal_tim.o
 .text.TIM_OC2_SetConfig
                0x08009f24      0x114 ./Drivers/STM32H7xx_HAL_Driver/Src/stm32h7xx_hal_tim.o
                0x08009f24                TIM_OC2_SetConfig
 .text.TIM_OC3_SetConfig
                0x0800a038      0x110 ./Drivers/STM32H7xx_HAL_Driver/Src/stm32h7xx_hal_tim.o
 .text.TIM_OC4_SetConfig
                0x0800a148       0xd4 ./Drivers/STM32H7xx_HAL_Driver/Src/stm32h7xx_hal_tim.o
 .text.TIM_OC5_SetConfig
                0x0800a21c       0xc8 ./Drivers/STM32H7xx_HAL_Driver/Src/stm32h7xx_hal_tim.o
 .text.TIM_OC6_SetConfig
                0x0800a2e4       0xcc ./Drivers/STM32H7xx_HAL_Driver/Src/stm32h7xx_hal_tim.o
 .text.TIM_TI1_SetConfig
                0x0800a3b0       0xe8 ./Drivers/STM32H7xx_HAL_Driver/Src/stm32h7xx_hal_tim.o
                0x0800a3b0                TIM_TI1_SetConfig
 .text.TIM_TI1_ConfigInputStage
                0x0800a498       0x5e ./Drivers/STM32H7xx_HAL_Driver/Src/stm32h7xx_hal_tim.o
 .text.TIM_TI2_SetConfig
                0x0800a4f6       0x7a ./Drivers/STM32H7xx_HAL_Driver/Src/stm32h7xx_hal_tim.o
 .text.TIM_TI2_ConfigInputStage
                0x0800a570       0x60 ./Drivers/STM32H7xx_HAL_Driver/Src/stm32h7xx_hal_tim.o
 .text.TIM_TI3_SetConfig
                0x0800a5d0       0x78 ./Drivers/STM32H7xx_HAL_Driver/Src/stm32h7xx_hal_tim.o
 .text.TIM_TI4_SetConfig
                0x0800a648       0x7a ./Drivers/STM32H7xx_HAL_Driver/Src/stm32h7xx_hal_tim.o
 *fill*         0x0800a6c2        0x2 
 .text.TIM_ITRx_SetConfig
                0x0800a6c4       0x3c ./Drivers/STM32H7xx_HAL_Driver/Src/stm32h7xx_hal_tim.o
 .text.TIM_ETR_SetConfig
                0x0800a700       0x40 ./Drivers/STM32H7xx_HAL_Driver/Src/stm32h7xx_hal_tim.o
                0x0800a700                TIM_ETR_SetConfig
 .text.TIM_CCxChannelCmd
                0x0800a740       0x4a ./Drivers/STM32H7xx_HAL_Driver/Src/stm32h7xx_hal_tim.o
                0x0800a740                TIM_CCxChannelCmd
 *fill*         0x0800a78a        0x2 
 .text.HAL_TIMEx_MasterConfigSynchronization
                0x0800a78c      0x11c ./Drivers/STM32H7xx_HAL_Driver/Src/stm32h7xx_hal_tim_ex.o
                0x0800a78c                HAL_TIMEx_MasterConfigSynchronization
 .text.memset   0x0800a8a8       0x10 C:/ST/STM32CubeIDE_1.16.0/STM32CubeIDE/plugins/com.st.stm32cube.ide.mcu.externaltools.gnu-tools-for-stm32.12.3.rel1.win32_1.0.200.202406191623/tools/bin/../lib/gcc/arm-none-eabi/12.3.1/../../../../arm-none-eabi/lib/thumb/v7e-m+dp/hard\libc_nano.a(libc_a-memset.o)
                0x0800a8a8                memset
 .text.__libc_init_array
                0x0800a8b8       0x48 C:/ST/STM32CubeIDE_1.16.0/STM32CubeIDE/plugins/com.st.stm32cube.ide.mcu.externaltools.gnu-tools-for-stm32.12.3.rel1.win32_1.0.200.202406191623/tools/bin/../lib/gcc/arm-none-eabi/12.3.1/../../../../arm-none-eabi/lib/thumb/v7e-m+dp/hard\libc_nano.a(libc_a-init.o)
                0x0800a8b8                __libc_init_array
 .text.memcpy   0x0800a900       0x1c C:/ST/STM32CubeIDE_1.16.0/STM32CubeIDE/plugins/com.st.stm32cube.ide.mcu.externaltools.gnu-tools-for-stm32.12.3.rel1.win32_1.0.200.202406191623/tools/bin/../lib/gcc/arm-none-eabi/12.3.1/../../../../arm-none-eabi/lib/thumb/v7e-m+dp/hard\libc_nano.a(libc_a-memcpy-stub.o)
                0x0800a900                memcpy
 *(.glue_7)
 .glue_7        0x0800a91c        0x0 linker stubs
 *(.glue_7t)
 .glue_7t       0x0800a91c        0x0 linker stubs
 *(.eh_frame)
 .eh_frame      0x0800a91c        0x0 C:/ST/STM32CubeIDE_1.16.0/STM32CubeIDE/plugins/com.st.stm32cube.ide.mcu.externaltools.gnu-tools-for-stm32.12.3.rel1.win32_1.0.200.202406191623/tools/bin/../lib/gcc/arm-none-eabi/12.3.1/thumb/v7e-m+dp/hard/crtbegin.o
 *(.init)
 .init          0x0800a91c        0x4 C:/ST/STM32CubeIDE_1.16.0/STM32CubeIDE/plugins/com.st.stm32cube.ide.mcu.externaltools.gnu-tools-for-stm32.12.3.rel1.win32_1.0.200.202406191623/tools/bin/../lib/gcc/arm-none-eabi/12.3.1/thumb/v7e-m+dp/hard/crti.o
                0x0800a91c                _init
 .init          0x0800a920        0x8 C:/ST/STM32CubeIDE_1.16.0/STM32CubeIDE/plugins/com.st.stm32cube.ide.mcu.externaltools.gnu-tools-for-stm32.12.3.rel1.win32_1.0.200.202406191623/tools/bin/../lib/gcc/arm-none-eabi/12.3.1/thumb/v7e-m+dp/hard/crtn.o
 *(.fini)
 .fini          0x0800a928        0x4 C:/ST/STM32CubeIDE_1.16.0/STM32CubeIDE/plugins/com.st.stm32cube.ide.mcu.externaltools.gnu-tools-for-stm32.12.3.rel1.win32_1.0.200.202406191623/tools/bin/../lib/gcc/arm-none-eabi/12.3.1/thumb/v7e-m+dp/hard/crti.o
                0x0800a928                _fini
 .fini          0x0800a92c        0x8 C:/ST/STM32CubeIDE_1.16.0/STM32CubeIDE/plugins/com.st.stm32cube.ide.mcu.externaltools.gnu-tools-for-stm32.12.3.rel1.win32_1.0.200.202406191623/tools/bin/../lib/gcc/arm-none-eabi/12.3.1/thumb/v7e-m+dp/hard/crtn.o
                0x0800a934                        . = ALIGN (0x4)
                0x0800a934                        _etext = .

.vfp11_veneer   0x0800a934        0x0
 .vfp11_veneer  0x0800a934        0x0 linker stubs

.v4_bx          0x0800a934        0x0
 .v4_bx         0x0800a934        0x0 linker stubs

.iplt           0x0800a934        0x0
 .iplt          0x0800a934        0x0 C:/ST/STM32CubeIDE_1.16.0/STM32CubeIDE/plugins/com.st.stm32cube.ide.mcu.externaltools.gnu-tools-for-stm32.12.3.rel1.win32_1.0.200.202406191623/tools/bin/../lib/gcc/arm-none-eabi/12.3.1/thumb/v7e-m+dp/hard/crtbegin.o

.rodata         0x0800a934       0x64
                0x0800a934                        . = ALIGN (0x4)
 *(.rodata)
 .rodata        0x0800a934       0x4c ./Drivers/STM32H7xx_HAL_Driver/Src/stm32h7xx_hal_fdcan.o
 *(.rodata*)
 .rodata.D1CorePrescTable
                0x0800a980       0x10 ./Core/Src/system_stm32h7xx.o
                0x0800a980                D1CorePrescTable
 .rodata.flagBitshiftOffset.0
                0x0800a990        0x8 ./Drivers/STM32H7xx_HAL_Driver/Src/stm32h7xx_hal_dma.o
                0x0800a998                        . = ALIGN (0x4)

.ARM.extab
 *(.ARM.extab* .gnu.linkonce.armextab.*)

.ARM            0x0800a998        0x0
                0x0800a998                        __exidx_start = .
 *(.ARM.exidx*)
                0x0800a998                        __exidx_end = .

.preinit_array  0x0800a998        0x0
                0x0800a998                        PROVIDE (__preinit_array_start = .)
 *(.preinit_array*)
                0x0800a998                        PROVIDE (__preinit_array_end = .)

.init_array     0x0800a998        0x4
                0x0800a998                        PROVIDE (__init_array_start = .)
 *(SORT_BY_NAME(.init_array.*))
 *(.init_array*)
 .init_array    0x0800a998        0x4 C:/ST/STM32CubeIDE_1.16.0/STM32CubeIDE/plugins/com.st.stm32cube.ide.mcu.externaltools.gnu-tools-for-stm32.12.3.rel1.win32_1.0.200.202406191623/tools/bin/../lib/gcc/arm-none-eabi/12.3.1/thumb/v7e-m+dp/hard/crtbegin.o
                0x0800a99c                        PROVIDE (__init_array_end = .)

.fini_array     0x0800a99c        0x4
                [!provide]                        PROVIDE (__fini_array_start = .)
 *(SORT_BY_NAME(.fini_array.*))
 *(.fini_array*)
 .fini_array    0x0800a99c        0x4 C:/ST/STM32CubeIDE_1.16.0/STM32CubeIDE/plugins/com.st.stm32cube.ide.mcu.externaltools.gnu-tools-for-stm32.12.3.rel1.win32_1.0.200.202406191623/tools/bin/../lib/gcc/arm-none-eabi/12.3.1/thumb/v7e-m+dp/hard/crtbegin.o
                [!provide]                        PROVIDE (__fini_array_end = .)
                0x0800a9a0                        _sidata = LOADADDR (.data)

.rel.dyn        0x0800a9a0        0x0
 .rel.iplt      0x0800a9a0        0x0 C:/ST/STM32CubeIDE_1.16.0/STM32CubeIDE/plugins/com.st.stm32cube.ide.mcu.externaltools.gnu-tools-for-stm32.12.3.rel1.win32_1.0.200.202406191623/tools/bin/../lib/gcc/arm-none-eabi/12.3.1/thumb/v7e-m+dp/hard/crtbegin.o

.data           0x24000000       0x10 load address 0x0800a9a0
                0x24000000                        . = ALIGN (0x4)
                0x24000000                        _sdata = .
 *(.data)
 *(.data*)
 .data.SystemCoreClock
                0x24000000        0x4 ./Core/Src/system_stm32h7xx.o
                0x24000000                SystemCoreClock
 .data.SystemD2Clock
                0x24000004        0x4 ./Core/Src/system_stm32h7xx.o
                0x24000004                SystemD2Clock
 .data.uwTickPrio
                0x24000008        0x4 ./Drivers/STM32H7xx_HAL_Driver/Src/stm32h7xx_hal.o
                0x24000008                uwTickPrio
 .data.uwTickFreq
                0x2400000c        0x1 ./Drivers/STM32H7xx_HAL_Driver/Src/stm32h7xx_hal.o
                0x2400000c                uwTickFreq
 *(.RamFunc)
 *(.RamFunc*)
                0x24000010                        . = ALIGN (0x4)
 *fill*         0x2400000d        0x3 
                0x24000010                        _edata = .

.igot.plt       0x24000010        0x0 load address 0x0800a9b0
 .igot.plt      0x24000010        0x0 C:/ST/STM32CubeIDE_1.16.0/STM32CubeIDE/plugins/com.st.stm32cube.ide.mcu.externaltools.gnu-tools-for-stm32.12.3.rel1.win32_1.0.200.202406191623/tools/bin/../lib/gcc/arm-none-eabi/12.3.1/thumb/v7e-m+dp/hard/crtbegin.o
                0x24000010                        . = ALIGN (0x4)

.bss            0x24000010      0x23c load address 0x0800a9b0
                0x24000010                        _sbss = .
                0x24000010                        __bss_start__ = _sbss
 *(.bss)
 .bss           0x24000010       0x1c C:/ST/STM32CubeIDE_1.16.0/STM32CubeIDE/plugins/com.st.stm32cube.ide.mcu.externaltools.gnu-tools-for-stm32.12.3.rel1.win32_1.0.200.202406191623/tools/bin/../lib/gcc/arm-none-eabi/12.3.1/thumb/v7e-m+dp/hard/crtbegin.o
 *(.bss*)
 .bss.pc        0x2400002c        0x4 ./Core/Src/main.o
                0x2400002c                pc
 .bss.hadc1     0x24000030       0x64 ./Core/Src/main.o
                0x24000030                hadc1
 .bss.hdma_adc1
                0x24000094       0x78 ./Core/Src/main.o
                0x24000094                hdma_adc1
 .bss.hfdcan1   0x2400010c       0xa0 ./Core/Src/main.o
                0x2400010c                hfdcan1
 .bss.htim2     0x240001ac       0x4c ./Core/Src/main.o
                0x240001ac                htim2
 .bss.htim12    0x240001f8       0x4c ./Core/Src/main.o
                0x240001f8                htim12
 .bss.analog_buffer
                0x24000244        0x3 ./Core/Src/main.o
                0x24000244                analog_buffer
 *fill*         0x24000247        0x1 
 .bss.uwTick    0x24000248        0x4 ./Drivers/STM32H7xx_HAL_Driver/Src/stm32h7xx_hal.o
                0x24000248                uwTick
 *(COMMON)
                0x2400024c                        . = ALIGN (0x4)
                0x2400024c                        _ebss = .
                0x2400024c                        __bss_end__ = _ebss

._user_heap_stack
                0x2400024c      0x604 load address 0x0800a9b0
                0x24000250                        . = ALIGN (0x8)
 *fill*         0x2400024c        0x4 
                [!provide]                        PROVIDE (end = .)
                0x24000250                        PROVIDE (_end = .)
                0x24000450                        . = (. + _Min_Heap_Size)
 *fill*         0x24000250      0x200 
                0x24000850                        . = (. + _Min_Stack_Size)
 *fill*         0x24000450      0x400 
                0x24000850                        . = ALIGN (0x8)

/DISCARD/
 libc.a(*)
 libm.a(*)
 libgcc.a(*)

.ARM.attributes
                0x00000000       0x2e
 *(.ARM.attributes)
 .ARM.attributes
                0x00000000       0x20 C:/ST/STM32CubeIDE_1.16.0/STM32CubeIDE/plugins/com.st.stm32cube.ide.mcu.externaltools.gnu-tools-for-stm32.12.3.rel1.win32_1.0.200.202406191623/tools/bin/../lib/gcc/arm-none-eabi/12.3.1/thumb/v7e-m+dp/hard/crti.o
 .ARM.attributes
                0x00000020       0x32 C:/ST/STM32CubeIDE_1.16.0/STM32CubeIDE/plugins/com.st.stm32cube.ide.mcu.externaltools.gnu-tools-for-stm32.12.3.rel1.win32_1.0.200.202406191623/tools/bin/../lib/gcc/arm-none-eabi/12.3.1/thumb/v7e-m+dp/hard/crtbegin.o
 .ARM.attributes
                0x00000052       0x32 ./Core/Src/P_Controller.o
 .ARM.attributes
                0x00000084       0x32 ./Core/Src/main.o
 .ARM.attributes
                0x000000b6       0x32 ./Core/Src/stm32h7xx_hal_msp.o
 .ARM.attributes
                0x000000e8       0x32 ./Core/Src/stm32h7xx_it.o
 .ARM.attributes
                0x0000011a       0x32 ./Core/Src/system_stm32h7xx.o
 .ARM.attributes
                0x0000014c       0x21 ./Core/Startup/startup_stm32h750vbtx.o
 .ARM.attributes
                0x0000016d       0x32 ./Drivers/STM32H7xx_HAL_Driver/Src/stm32h7xx_hal.o
 .ARM.attributes
                0x0000019f       0x32 ./Drivers/STM32H7xx_HAL_Driver/Src/stm32h7xx_hal_adc.o
 .ARM.attributes
                0x000001d1       0x32 ./Drivers/STM32H7xx_HAL_Driver/Src/stm32h7xx_hal_adc_ex.o
 .ARM.attributes
                0x00000203       0x32 ./Drivers/STM32H7xx_HAL_Driver/Src/stm32h7xx_hal_cortex.o
 .ARM.attributes
                0x00000235       0x32 ./Drivers/STM32H7xx_HAL_Driver/Src/stm32h7xx_hal_dma.o
 .ARM.attributes
                0x00000267       0x32 ./Drivers/STM32H7xx_HAL_Driver/Src/stm32h7xx_hal_fdcan.o
 .ARM.attributes
                0x00000299       0x32 ./Drivers/STM32H7xx_HAL_Driver/Src/stm32h7xx_hal_gpio.o
 .ARM.attributes
                0x000002cb       0x32 ./Drivers/STM32H7xx_HAL_Driver/Src/stm32h7xx_hal_pwr_ex.o
 .ARM.attributes
                0x000002fd       0x32 ./Drivers/STM32H7xx_HAL_Driver/Src/stm32h7xx_hal_rcc.o
 .ARM.attributes
                0x0000032f       0x32 ./Drivers/STM32H7xx_HAL_Driver/Src/stm32h7xx_hal_rcc_ex.o
 .ARM.attributes
                0x00000361       0x32 ./Drivers/STM32H7xx_HAL_Driver/Src/stm32h7xx_hal_tim.o
 .ARM.attributes
                0x00000393       0x32 ./Drivers/STM32H7xx_HAL_Driver/Src/stm32h7xx_hal_tim_ex.o
 .ARM.attributes
                0x000003c5       0x32 C:/ST/STM32CubeIDE_1.16.0/STM32CubeIDE/plugins/com.st.stm32cube.ide.mcu.externaltools.gnu-tools-for-stm32.12.3.rel1.win32_1.0.200.202406191623/tools/bin/../lib/gcc/arm-none-eabi/12.3.1/../../../../arm-none-eabi/lib/thumb/v7e-m+dp/hard\libc_nano.a(libc_a-memset.o)
 .ARM.attributes
                0x000003f7       0x32 C:/ST/STM32CubeIDE_1.16.0/STM32CubeIDE/plugins/com.st.stm32cube.ide.mcu.externaltools.gnu-tools-for-stm32.12.3.rel1.win32_1.0.200.202406191623/tools/bin/../lib/gcc/arm-none-eabi/12.3.1/../../../../arm-none-eabi/lib/thumb/v7e-m+dp/hard\libc_nano.a(libc_a-init.o)
 .ARM.attributes
                0x00000429       0x32 C:/ST/STM32CubeIDE_1.16.0/STM32CubeIDE/plugins/com.st.stm32cube.ide.mcu.externaltools.gnu-tools-for-stm32.12.3.rel1.win32_1.0.200.202406191623/tools/bin/../lib/gcc/arm-none-eabi/12.3.1/../../../../arm-none-eabi/lib/thumb/v7e-m+dp/hard\libc_nano.a(libc_a-memcpy-stub.o)
 .ARM.attributes
                0x0000045b       0x20 C:/ST/STM32CubeIDE_1.16.0/STM32CubeIDE/plugins/com.st.stm32cube.ide.mcu.externaltools.gnu-tools-for-stm32.12.3.rel1.win32_1.0.200.202406191623/tools/bin/../lib/gcc/arm-none-eabi/12.3.1/thumb/v7e-m+dp/hard/crtn.o
OUTPUT(ETR_CELLMETER_MASTER.elf elf32-littlearm)
LOAD linker stubs
LOAD C:/ST/STM32CubeIDE_1.16.0/STM32CubeIDE/plugins/com.st.stm32cube.ide.mcu.externaltools.gnu-tools-for-stm32.12.3.rel1.win32_1.0.200.202406191623/tools/bin/../lib/gcc/arm-none-eabi/12.3.1/../../../../arm-none-eabi/lib/thumb/v7e-m+dp/hard\libc.a
LOAD C:/ST/STM32CubeIDE_1.16.0/STM32CubeIDE/plugins/com.st.stm32cube.ide.mcu.externaltools.gnu-tools-for-stm32.12.3.rel1.win32_1.0.200.202406191623/tools/bin/../lib/gcc/arm-none-eabi/12.3.1/../../../../arm-none-eabi/lib/thumb/v7e-m+dp/hard\libm.a
LOAD C:/ST/STM32CubeIDE_1.16.0/STM32CubeIDE/plugins/com.st.stm32cube.ide.mcu.externaltools.gnu-tools-for-stm32.12.3.rel1.win32_1.0.200.202406191623/tools/bin/../lib/gcc/arm-none-eabi/12.3.1/thumb/v7e-m+dp/hard\libgcc.a

.debug_info     0x00000000    0x177b9
 .debug_info    0x00000000      0x169 ./Core/Src/P_Controller.o
 .debug_info    0x00000169     0x2995 ./Core/Src/main.o
 .debug_info    0x00002afe     0x1e6c ./Core/Src/stm32h7xx_hal_msp.o
 .debug_info    0x0000496a      0x449 ./Core/Src/stm32h7xx_it.o
 .debug_info    0x00004db3      0xcef ./Core/Src/system_stm32h7xx.o
 .debug_info    0x00005aa2       0x30 ./Core/Startup/startup_stm32h750vbtx.o
 .debug_info    0x00005ad2     0x1541 ./Drivers/STM32H7xx_HAL_Driver/Src/stm32h7xx_hal.o
 .debug_info    0x00007013     0x1ed3 ./Drivers/STM32H7xx_HAL_Driver/Src/stm32h7xx_hal_adc.o
 .debug_info    0x00008ee6     0x1fee ./Drivers/STM32H7xx_HAL_Driver/Src/stm32h7xx_hal_adc_ex.o
 .debug_info    0x0000aed4     0x10b2 ./Drivers/STM32H7xx_HAL_Driver/Src/stm32h7xx_hal_cortex.o
 .debug_info    0x0000bf86      0xc27 ./Drivers/STM32H7xx_HAL_Driver/Src/stm32h7xx_hal_dma.o
 .debug_info    0x0000cbad     0x2baf ./Drivers/STM32H7xx_HAL_Driver/Src/stm32h7xx_hal_fdcan.o
 .debug_info    0x0000f75c      0xc4b ./Drivers/STM32H7xx_HAL_Driver/Src/stm32h7xx_hal_gpio.o
 .debug_info    0x000103a7     0x1008 ./Drivers/STM32H7xx_HAL_Driver/Src/stm32h7xx_hal_pwr_ex.o
 .debug_info    0x000113af      0xe5b ./Drivers/STM32H7xx_HAL_Driver/Src/stm32h7xx_hal_rcc.o
 .debug_info    0x0001220a     0x1216 ./Drivers/STM32H7xx_HAL_Driver/Src/stm32h7xx_hal_rcc_ex.o
 .debug_info    0x00013420     0x2bae ./Drivers/STM32H7xx_HAL_Driver/Src/stm32h7xx_hal_tim.o
 .debug_info    0x00015fce     0x17eb ./Drivers/STM32H7xx_HAL_Driver/Src/stm32h7xx_hal_tim_ex.o

.debug_abbrev   0x00000000     0x28e1
 .debug_abbrev  0x00000000       0xe7 ./Core/Src/P_Controller.o
 .debug_abbrev  0x000000e7      0x35a ./Core/Src/main.o
 .debug_abbrev  0x00000441      0x26a ./Core/Src/stm32h7xx_hal_msp.o
 .debug_abbrev  0x000006ab      0x16d ./Core/Src/stm32h7xx_it.o
 .debug_abbrev  0x00000818      0x14c ./Core/Src/system_stm32h7xx.o
 .debug_abbrev  0x00000964       0x24 ./Core/Startup/startup_stm32h750vbtx.o
 .debug_abbrev  0x00000988      0x295 ./Drivers/STM32H7xx_HAL_Driver/Src/stm32h7xx_hal.o
 .debug_abbrev  0x00000c1d      0x2d3 ./Drivers/STM32H7xx_HAL_Driver/Src/stm32h7xx_hal_adc.o
 .debug_abbrev  0x00000ef0      0x31b ./Drivers/STM32H7xx_HAL_Driver/Src/stm32h7xx_hal_adc_ex.o
 .debug_abbrev  0x0000120b      0x339 ./Drivers/STM32H7xx_HAL_Driver/Src/stm32h7xx_hal_cortex.o
 .debug_abbrev  0x00001544      0x248 ./Drivers/STM32H7xx_HAL_Driver/Src/stm32h7xx_hal_dma.o
 .debug_abbrev  0x0000178c      0x288 ./Drivers/STM32H7xx_HAL_Driver/Src/stm32h7xx_hal_fdcan.o
 .debug_abbrev  0x00001a14      0x1fe ./Drivers/STM32H7xx_HAL_Driver/Src/stm32h7xx_hal_gpio.o
 .debug_abbrev  0x00001c12      0x2a7 ./Drivers/STM32H7xx_HAL_Driver/Src/stm32h7xx_hal_pwr_ex.o
 .debug_abbrev  0x00001eb9      0x2c8 ./Drivers/STM32H7xx_HAL_Driver/Src/stm32h7xx_hal_rcc.o
 .debug_abbrev  0x00002181      0x269 ./Drivers/STM32H7xx_HAL_Driver/Src/stm32h7xx_hal_rcc_ex.o
 .debug_abbrev  0x000023ea      0x276 ./Drivers/STM32H7xx_HAL_Driver/Src/stm32h7xx_hal_tim.o
 .debug_abbrev  0x00002660      0x281 ./Drivers/STM32H7xx_HAL_Driver/Src/stm32h7xx_hal_tim_ex.o

.debug_aranges  0x00000000     0x1518
 .debug_aranges
                0x00000000       0x28 ./Core/Src/P_Controller.o
 .debug_aranges
                0x00000028       0xa8 ./Core/Src/main.o
 .debug_aranges
                0x000000d0       0x58 ./Core/Src/stm32h7xx_hal_msp.o
 .debug_aranges
                0x00000128       0x68 ./Core/Src/stm32h7xx_it.o
 .debug_aranges
                0x00000190       0x28 ./Core/Src/system_stm32h7xx.o
 .debug_aranges
                0x000001b8       0x28 ./Core/Startup/startup_stm32h750vbtx.o
 .debug_aranges
                0x000001e0      0x198 ./Drivers/STM32H7xx_HAL_Driver/Src/stm32h7xx_hal.o
 .debug_aranges
                0x00000378      0x228 ./Drivers/STM32H7xx_HAL_Driver/Src/stm32h7xx_hal_adc.o
 .debug_aranges
                0x000005a0      0x1d8 ./Drivers/STM32H7xx_HAL_Driver/Src/stm32h7xx_hal_adc_ex.o
 .debug_aranges
                0x00000778      0x130 ./Drivers/STM32H7xx_HAL_Driver/Src/stm32h7xx_hal_cortex.o
 .debug_aranges
                0x000008a8       0xa0 ./Drivers/STM32H7xx_HAL_Driver/Src/stm32h7xx_hal_dma.o
 .debug_aranges
                0x00000948      0x338 ./Drivers/STM32H7xx_HAL_Driver/Src/stm32h7xx_hal_fdcan.o
 .debug_aranges
                0x00000c80       0x58 ./Drivers/STM32H7xx_HAL_Driver/Src/stm32h7xx_hal_gpio.o
 .debug_aranges
                0x00000cd8      0x158 ./Drivers/STM32H7xx_HAL_Driver/Src/stm32h7xx_hal_pwr_ex.o
 .debug_aranges
                0x00000e30       0x88 ./Drivers/STM32H7xx_HAL_Driver/Src/stm32h7xx_hal_rcc.o
 .debug_aranges
                0x00000eb8       0xf8 ./Drivers/STM32H7xx_HAL_Driver/Src/stm32h7xx_hal_rcc_ex.o
 .debug_aranges
                0x00000fb0      0x3e0 ./Drivers/STM32H7xx_HAL_Driver/Src/stm32h7xx_hal_tim.o
 .debug_aranges
                0x00001390      0x188 ./Drivers/STM32H7xx_HAL_Driver/Src/stm32h7xx_hal_tim_ex.o

.debug_rnglists
                0x00000000     0x105e
 .debug_rnglists
                0x00000000       0x1a ./Core/Src/P_Controller.o
 .debug_rnglists
                0x0000001a       0x7f ./Core/Src/main.o
 .debug_rnglists
                0x00000099       0x41 ./Core/Src/stm32h7xx_hal_msp.o
 .debug_rnglists
                0x000000da       0x49 ./Core/Src/stm32h7xx_it.o
 .debug_rnglists
                0x00000123       0x1b ./Core/Src/system_stm32h7xx.o
 .debug_rnglists
                0x0000013e       0x19 ./Core/Startup/startup_stm32h750vbtx.o
 .debug_rnglists
                0x00000157      0x131 ./Drivers/STM32H7xx_HAL_Driver/Src/stm32h7xx_hal.o
 .debug_rnglists
                0x00000288      0x1a9 ./Drivers/STM32H7xx_HAL_Driver/Src/stm32h7xx_hal_adc.o
 .debug_rnglists
                0x00000431      0x16f ./Drivers/STM32H7xx_HAL_Driver/Src/stm32h7xx_hal_adc_ex.o
 .debug_rnglists
                0x000005a0       0xe0 ./Drivers/STM32H7xx_HAL_Driver/Src/stm32h7xx_hal_cortex.o
 .debug_rnglists
                0x00000680       0x82 ./Drivers/STM32H7xx_HAL_Driver/Src/stm32h7xx_hal_dma.o
 .debug_rnglists
                0x00000702      0x28b ./Drivers/STM32H7xx_HAL_Driver/Src/stm32h7xx_hal_fdcan.o
 .debug_rnglists
                0x0000098d       0x3f ./Drivers/STM32H7xx_HAL_Driver/Src/stm32h7xx_hal_gpio.o
 .debug_rnglists
                0x000009cc      0x103 ./Drivers/STM32H7xx_HAL_Driver/Src/stm32h7xx_hal_pwr_ex.o
 .debug_rnglists
                0x00000acf       0x68 ./Drivers/STM32H7xx_HAL_Driver/Src/stm32h7xx_hal_rcc.o
 .debug_rnglists
                0x00000b37       0xc0 ./Drivers/STM32H7xx_HAL_Driver/Src/stm32h7xx_hal_rcc_ex.o
 .debug_rnglists
                0x00000bf7      0x328 ./Drivers/STM32H7xx_HAL_Driver/Src/stm32h7xx_hal_tim.o
 .debug_rnglists
                0x00000f1f      0x13f ./Drivers/STM32H7xx_HAL_Driver/Src/stm32h7xx_hal_tim_ex.o

.debug_macro    0x00000000    0x39e8c
 .debug_macro   0x00000000      0x143 ./Core/Src/P_Controller.o
 .debug_macro   0x00000143      0xacc ./Core/Src/P_Controller.o
 .debug_macro   0x00000c0f       0x16 ./Core/Src/P_Controller.o
 .debug_macro   0x00000c25       0x22 ./Core/Src/P_Controller.o
 .debug_macro   0x00000c47       0x5b ./Core/Src/P_Controller.o
 .debug_macro   0x00000ca2       0x29 ./Core/Src/P_Controller.o
 .debug_macro   0x00000ccb       0x94 ./Core/Src/P_Controller.o
 .debug_macro   0x00000d5f       0x43 ./Core/Src/P_Controller.o
 .debug_macro   0x00000da2       0x34 ./Core/Src/P_Controller.o
 .debug_macro   0x00000dd6       0x16 ./Core/Src/P_Controller.o
 .debug_macro   0x00000dec       0x57 ./Core/Src/P_Controller.o
 .debug_macro   0x00000e43       0x9e ./Core/Src/P_Controller.o
 .debug_macro   0x00000ee1      0x369 ./Core/Src/P_Controller.o
 .debug_macro   0x0000124a      0x10b ./Core/Src/P_Controller.o
 .debug_macro   0x00001355       0x10 ./Core/Src/P_Controller.o
 .debug_macro   0x00001365       0x16 ./Core/Src/P_Controller.o
 .debug_macro   0x0000137b       0x43 ./Core/Src/P_Controller.o
 .debug_macro   0x000013be       0x34 ./Core/Src/P_Controller.o
 .debug_macro   0x000013f2       0x10 ./Core/Src/P_Controller.o
 .debug_macro   0x00001402       0x58 ./Core/Src/P_Controller.o
 .debug_macro   0x0000145a       0x8e ./Core/Src/P_Controller.o
 .debug_macro   0x000014e8       0x1c ./Core/Src/P_Controller.o
 .debug_macro   0x00001504      0x177 ./Core/Src/P_Controller.o
 .debug_macro   0x0000167b       0x16 ./Core/Src/P_Controller.o
 .debug_macro   0x00001691       0x16 ./Core/Src/P_Controller.o
 .debug_macro   0x000016a7      0x146 ./Core/Src/P_Controller.o
 .debug_macro   0x000017ed      0x103 ./Core/Src/P_Controller.o
 .debug_macro   0x000018f0       0x6a ./Core/Src/P_Controller.o
 .debug_macro   0x0000195a      0x1df ./Core/Src/P_Controller.o
 .debug_macro   0x00001b39      0x2d9 ./Core/Src/main.o
 .debug_macro   0x00001e12      0x23e ./Core/Src/main.o
 .debug_macro   0x00002050       0x2e ./Core/Src/main.o
 .debug_macro   0x0000207e       0x3b ./Core/Src/main.o
 .debug_macro   0x000020b9       0x8e ./Core/Src/main.o
 .debug_macro   0x00002147       0x51 ./Core/Src/main.o
 .debug_macro   0x00002198       0x1c ./Core/Src/main.o
 .debug_macro   0x000021b4       0x22 ./Core/Src/main.o
 .debug_macro   0x000021d6       0xfb ./Core/Src/main.o
 .debug_macro   0x000022d1     0x1305 ./Core/Src/main.o
 .debug_macro   0x000035d6      0x11f ./Core/Src/main.o
 .debug_macro   0x000036f5       0x27 ./Core/Src/main.o
 .debug_macro   0x0000371c    0x25eee ./Core/Src/main.o
 .debug_macro   0x0002960a       0x6d ./Core/Src/main.o
 .debug_macro   0x00029677     0x3d79 ./Core/Src/main.o
 .debug_macro   0x0002d3f0      0x189 ./Core/Src/main.o
 .debug_macro   0x0002d579       0x61 ./Core/Src/main.o
 .debug_macro   0x0002d5da      0x19b ./Core/Src/main.o
 .debug_macro   0x0002d775       0x5d ./Core/Src/main.o
 .debug_macro   0x0002d7d2     0x240e ./Core/Src/main.o
 .debug_macro   0x0002fbe0     0x102c ./Core/Src/main.o
 .debug_macro   0x00030c0c      0x154 ./Core/Src/main.o
 .debug_macro   0x00030d60      0x114 ./Core/Src/main.o
 .debug_macro   0x00030e74      0x3b6 ./Core/Src/main.o
 .debug_macro   0x0003122a       0xac ./Core/Src/main.o
 .debug_macro   0x000312d6      0x72d ./Core/Src/main.o
 .debug_macro   0x00031a03      0x228 ./Core/Src/main.o
 .debug_macro   0x00031c2b       0x66 ./Core/Src/main.o
 .debug_macro   0x00031c91      0x3bb ./Core/Src/main.o
 .debug_macro   0x0003204c      0x3e4 ./Core/Src/main.o
 .debug_macro   0x00032430      0x275 ./Core/Src/main.o
 .debug_macro   0x000326a5     0x1044 ./Core/Src/main.o
 .debug_macro   0x000336e9      0x6cc ./Core/Src/main.o
 .debug_macro   0x00033db5      0x36e ./Core/Src/main.o
 .debug_macro   0x00034123      0xe42 ./Core/Src/main.o
 .debug_macro   0x00034f65      0x3ca ./Core/Src/main.o
 .debug_macro   0x0003532f      0x3de ./Core/Src/main.o
 .debug_macro   0x0003570d       0x3c ./Core/Src/main.o
 .debug_macro   0x00035749       0x4a ./Core/Src/main.o
 .debug_macro   0x00035793      0x22c ./Core/Src/main.o
 .debug_macro   0x000359bf       0x67 ./Core/Src/main.o
 .debug_macro   0x00035a26       0xa5 ./Core/Src/main.o
 .debug_macro   0x00035acb      0x1c4 ./Core/Src/main.o
 .debug_macro   0x00035c8f      0x25e ./Core/Src/main.o
 .debug_macro   0x00035eed       0x35 ./Core/Src/main.o
 .debug_macro   0x00035f22      0xafa ./Core/Src/main.o
 .debug_macro   0x00036a1c      0x29f ./Core/Src/main.o
 .debug_macro   0x00036cbb      0x5a0 ./Core/Src/main.o
 .debug_macro   0x0003725b       0xc4 ./Core/Src/main.o
 .debug_macro   0x0003731f      0x2d0 ./Core/Src/stm32h7xx_hal_msp.o
 .debug_macro   0x000375ef      0x2da ./Core/Src/stm32h7xx_it.o
 .debug_macro   0x000378c9      0x2c1 ./Core/Src/system_stm32h7xx.o
 .debug_macro   0x00037b8a      0x2eb ./Drivers/STM32H7xx_HAL_Driver/Src/stm32h7xx_hal.o
 .debug_macro   0x00037e75      0x2e5 ./Drivers/STM32H7xx_HAL_Driver/Src/stm32h7xx_hal_adc.o
 .debug_macro   0x0003815a      0x2cd ./Drivers/STM32H7xx_HAL_Driver/Src/stm32h7xx_hal_adc_ex.o
 .debug_macro   0x00038427      0x2c1 ./Drivers/STM32H7xx_HAL_Driver/Src/stm32h7xx_hal_cortex.o
 .debug_macro   0x000386e8      0x315 ./Drivers/STM32H7xx_HAL_Driver/Src/stm32h7xx_hal_dma.o
 .debug_macro   0x000389fd      0x386 ./Drivers/STM32H7xx_HAL_Driver/Src/stm32h7xx_hal_fdcan.o
 .debug_macro   0x00038d83      0x2c8 ./Drivers/STM32H7xx_HAL_Driver/Src/stm32h7xx_hal_gpio.o
 .debug_macro   0x0003904b      0x2fa ./Drivers/STM32H7xx_HAL_Driver/Src/stm32h7xx_hal_pwr_ex.o
 .debug_macro   0x00039345      0x2e5 ./Drivers/STM32H7xx_HAL_Driver/Src/stm32h7xx_hal_rcc.o
 .debug_macro   0x0003962a      0x2df ./Drivers/STM32H7xx_HAL_Driver/Src/stm32h7xx_hal_rcc_ex.o
 .debug_macro   0x00039909      0x2c2 ./Drivers/STM32H7xx_HAL_Driver/Src/stm32h7xx_hal_tim.o
 .debug_macro   0x00039bcb      0x2c1 ./Drivers/STM32H7xx_HAL_Driver/Src/stm32h7xx_hal_tim_ex.o

.debug_line     0x00000000    0x19533
 .debug_line    0x00000000      0x5e8 ./Core/Src/P_Controller.o
 .debug_line    0x000005e8      0xd60 ./Core/Src/main.o
 .debug_line    0x00001348      0xacb ./Core/Src/stm32h7xx_hal_msp.o
 .debug_line    0x00001e13      0x9ec ./Core/Src/stm32h7xx_it.o
 .debug_line    0x000027ff      0xacd ./Core/Src/system_stm32h7xx.o
 .debug_line    0x000032cc       0x7a ./Core/Startup/startup_stm32h750vbtx.o
 .debug_line    0x00003346      0xec2 ./Drivers/STM32H7xx_HAL_Driver/Src/stm32h7xx_hal.o
 .debug_line    0x00004208     0x2411 ./Drivers/STM32H7xx_HAL_Driver/Src/stm32h7xx_hal_adc.o
 .debug_line    0x00006619     0x200f ./Drivers/STM32H7xx_HAL_Driver/Src/stm32h7xx_hal_adc_ex.o
 .debug_line    0x00008628      0xef1 ./Drivers/STM32H7xx_HAL_Driver/Src/stm32h7xx_hal_cortex.o
 .debug_line    0x00009519     0x2825 ./Drivers/STM32H7xx_HAL_Driver/Src/stm32h7xx_hal_dma.o
 .debug_line    0x0000bd3e     0x2980 ./Drivers/STM32H7xx_HAL_Driver/Src/stm32h7xx_hal_fdcan.o
 .debug_line    0x0000e6be      0xd9a ./Drivers/STM32H7xx_HAL_Driver/Src/stm32h7xx_hal_gpio.o
 .debug_line    0x0000f458      0xfe5 ./Drivers/STM32H7xx_HAL_Driver/Src/stm32h7xx_hal_pwr_ex.o
 .debug_line    0x0001043d     0x1492 ./Drivers/STM32H7xx_HAL_Driver/Src/stm32h7xx_hal_rcc.o
 .debug_line    0x000118cf     0x1daa ./Drivers/STM32H7xx_HAL_Driver/Src/stm32h7xx_hal_rcc_ex.o
 .debug_line    0x00013679     0x4058 ./Drivers/STM32H7xx_HAL_Driver/Src/stm32h7xx_hal_tim.o
 .debug_line    0x000176d1     0x1e62 ./Drivers/STM32H7xx_HAL_Driver/Src/stm32h7xx_hal_tim_ex.o

.debug_str      0x00000000   0x17c7bd
 .debug_str     0x00000000     0x769e ./Core/Src/P_Controller.o
                               0x789a (size before relaxing)
 .debug_str     0x0000769e   0x16e537 ./Core/Src/main.o
                             0x175e67 (size before relaxing)
 .debug_str     0x00175bd5      0x415 ./Core/Src/stm32h7xx_hal_msp.o
                             0x1751fd (size before relaxing)
 .debug_str     0x00175fea       0xf4 ./Core/Src/stm32h7xx_it.o
                             0x174152 (size before relaxing)
 .debug_str     0x001760de      0x33a ./Core/Src/system_stm32h7xx.o
                             0x173ff5 (size before relaxing)
 .debug_str     0x00176418       0x44 ./Core/Startup/startup_stm32h750vbtx.o
                                 0xa0 (size before relaxing)
 .debug_str     0x0017645c      0x7ef ./Drivers/STM32H7xx_HAL_Driver/Src/stm32h7xx_hal.o
                             0x174f1a (size before relaxing)
 .debug_str     0x00176c4b      0xb07 ./Drivers/STM32H7xx_HAL_Driver/Src/stm32h7xx_hal_adc.o
                             0x174d94 (size before relaxing)
 .debug_str     0x00177752      0x7c4 ./Drivers/STM32H7xx_HAL_Driver/Src/stm32h7xx_hal_adc_ex.o
                             0x174dd3 (size before relaxing)
 .debug_str     0x00177f16      0x2cd ./Drivers/STM32H7xx_HAL_Driver/Src/stm32h7xx_hal_cortex.o
                             0x174955 (size before relaxing)
 .debug_str     0x001781e3      0x83b ./Drivers/STM32H7xx_HAL_Driver/Src/stm32h7xx_hal_dma.o
                             0x17472f (size before relaxing)
 .debug_str     0x00178a1e     0x1baa ./Drivers/STM32H7xx_HAL_Driver/Src/stm32h7xx_hal_fdcan.o
                             0x175ce3 (size before relaxing)
 .debug_str     0x0017a5c8       0xe0 ./Drivers/STM32H7xx_HAL_Driver/Src/stm32h7xx_hal_gpio.o
                             0x173fac (size before relaxing)
 .debug_str     0x0017a6a8      0x624 ./Drivers/STM32H7xx_HAL_Driver/Src/stm32h7xx_hal_pwr_ex.o
                             0x17446d (size before relaxing)
 .debug_str     0x0017accc      0x21a ./Drivers/STM32H7xx_HAL_Driver/Src/stm32h7xx_hal_rcc.o
                             0x174390 (size before relaxing)
 .debug_str     0x0017aee6      0x630 ./Drivers/STM32H7xx_HAL_Driver/Src/stm32h7xx_hal_rcc_ex.o
                             0x174871 (size before relaxing)
 .debug_str     0x0017b516      0xd20 ./Drivers/STM32H7xx_HAL_Driver/Src/stm32h7xx_hal_tim.o
                             0x17512f (size before relaxing)
 .debug_str     0x0017c236      0x587 ./Drivers/STM32H7xx_HAL_Driver/Src/stm32h7xx_hal_tim_ex.o
                             0x174a57 (size before relaxing)

.comment        0x00000000       0x43
 .comment       0x00000000       0x43 ./Core/Src/P_Controller.o
                                 0x44 (size before relaxing)
 .comment       0x00000043       0x44 ./Core/Src/main.o
 .comment       0x00000043       0x44 ./Core/Src/stm32h7xx_hal_msp.o
 .comment       0x00000043       0x44 ./Core/Src/stm32h7xx_it.o
 .comment       0x00000043       0x44 ./Core/Src/system_stm32h7xx.o
 .comment       0x00000043       0x44 ./Drivers/STM32H7xx_HAL_Driver/Src/stm32h7xx_hal.o
 .comment       0x00000043       0x44 ./Drivers/STM32H7xx_HAL_Driver/Src/stm32h7xx_hal_adc.o
 .comment       0x00000043       0x44 ./Drivers/STM32H7xx_HAL_Driver/Src/stm32h7xx_hal_adc_ex.o
 .comment       0x00000043       0x44 ./Drivers/STM32H7xx_HAL_Driver/Src/stm32h7xx_hal_cortex.o
 .comment       0x00000043       0x44 ./Drivers/STM32H7xx_HAL_Driver/Src/stm32h7xx_hal_dma.o
 .comment       0x00000043       0x44 ./Drivers/STM32H7xx_HAL_Driver/Src/stm32h7xx_hal_fdcan.o
 .comment       0x00000043       0x44 ./Drivers/STM32H7xx_HAL_Driver/Src/stm32h7xx_hal_gpio.o
 .comment       0x00000043       0x44 ./Drivers/STM32H7xx_HAL_Driver/Src/stm32h7xx_hal_pwr_ex.o
 .comment       0x00000043       0x44 ./Drivers/STM32H7xx_HAL_Driver/Src/stm32h7xx_hal_rcc.o
 .comment       0x00000043       0x44 ./Drivers/STM32H7xx_HAL_Driver/Src/stm32h7xx_hal_rcc_ex.o
 .comment       0x00000043       0x44 ./Drivers/STM32H7xx_HAL_Driver/Src/stm32h7xx_hal_tim.o
 .comment       0x00000043       0x44 ./Drivers/STM32H7xx_HAL_Driver/Src/stm32h7xx_hal_tim_ex.o

.debug_frame    0x00000000     0x5c48
 .debug_frame   0x00000000       0x60 ./Core/Src/P_Controller.o
 .debug_frame   0x00000060      0x258 ./Core/Src/main.o
 .debug_frame   0x000002b8      0x13c ./Core/Src/stm32h7xx_hal_msp.o
 .debug_frame   0x000003f4      0x120 ./Core/Src/stm32h7xx_it.o
 .debug_frame   0x00000514       0x58 ./Core/Src/system_stm32h7xx.o
 .debug_frame   0x0000056c      0x690 ./Drivers/STM32H7xx_HAL_Driver/Src/stm32h7xx_hal.o
 .debug_frame   0x00000bfc      0xa28 ./Drivers/STM32H7xx_HAL_Driver/Src/stm32h7xx_hal_adc.o
 .debug_frame   0x00001624      0x88c ./Drivers/STM32H7xx_HAL_Driver/Src/stm32h7xx_hal_adc_ex.o
 .debug_frame   0x00001eb0      0x508 ./Drivers/STM32H7xx_HAL_Driver/Src/stm32h7xx_hal_cortex.o
 .debug_frame   0x000023b8      0x2b4 ./Drivers/STM32H7xx_HAL_Driver/Src/stm32h7xx_hal_dma.o
 .debug_frame   0x0000266c      0xf9c ./Drivers/STM32H7xx_HAL_Driver/Src/stm32h7xx_hal_fdcan.o
 .debug_frame   0x00003608      0x14c ./Drivers/STM32H7xx_HAL_Driver/Src/stm32h7xx_hal_gpio.o
 .debug_frame   0x00003754      0x580 ./Drivers/STM32H7xx_HAL_Driver/Src/stm32h7xx_hal_pwr_ex.o
 .debug_frame   0x00003cd4      0x1f8 ./Drivers/STM32H7xx_HAL_Driver/Src/stm32h7xx_hal_rcc.o
 .debug_frame   0x00003ecc      0x414 ./Drivers/STM32H7xx_HAL_Driver/Src/stm32h7xx_hal_rcc_ex.o
 .debug_frame   0x000042e0     0x121c ./Drivers/STM32H7xx_HAL_Driver/Src/stm32h7xx_hal_tim.o
 .debug_frame   0x000054fc      0x6d8 ./Drivers/STM32H7xx_HAL_Driver/Src/stm32h7xx_hal_tim_ex.o
 .debug_frame   0x00005bd4       0x20 C:/ST/STM32CubeIDE_1.16.0/STM32CubeIDE/plugins/com.st.stm32cube.ide.mcu.externaltools.gnu-tools-for-stm32.12.3.rel1.win32_1.0.200.202406191623/tools/bin/../lib/gcc/arm-none-eabi/12.3.1/../../../../arm-none-eabi/lib/thumb/v7e-m+dp/hard\libc_nano.a(libc_a-memset.o)
 .debug_frame   0x00005bf4       0x2c C:/ST/STM32CubeIDE_1.16.0/STM32CubeIDE/plugins/com.st.stm32cube.ide.mcu.externaltools.gnu-tools-for-stm32.12.3.rel1.win32_1.0.200.202406191623/tools/bin/../lib/gcc/arm-none-eabi/12.3.1/../../../../arm-none-eabi/lib/thumb/v7e-m+dp/hard\libc_nano.a(libc_a-init.o)
 .debug_frame   0x00005c20       0x28 C:/ST/STM32CubeIDE_1.16.0/STM32CubeIDE/plugins/com.st.stm32cube.ide.mcu.externaltools.gnu-tools-for-stm32.12.3.rel1.win32_1.0.200.202406191623/tools/bin/../lib/gcc/arm-none-eabi/12.3.1/../../../../arm-none-eabi/lib/thumb/v7e-m+dp/hard\libc_nano.a(libc_a-memcpy-stub.o)

.debug_line_str
                0x00000000       0x84
 .debug_line_str
                0x00000000       0x84 ./Core/Startup/startup_stm32h750vbtx.o
