../Core/Src/can_comunication_cellmeter.c:20:7:canfilter	8	static
../Core/Src/can_comunication_cellmeter.c:34:7:CAN_TxCellErrors	24	static
../Core/Src/can_comunication_cellmeter.c:54:7:CAN_TxCurrent1_4	24	static
../Core/Src/can_comunication_cellmeter.c:76:7:CAN_TxCurrent5_8	24	static
../Core/Src/can_comunication_cellmeter.c:98:7:CAN_TxTimerCell	24	static
../Core/Src/can_comunication_cellmeter.c:120:7:CAN_TxControlCurrent	24	static
../Core/Src/can_comunication_cellmeter.c:143:7:CAN_TxVoltage1_4	24	static
../Core/Src/can_comunication_cellmeter.c:165:7:CAN_TxVoltage5_8	24	static
../Core/Src/can_comunication_cellmeter.c:187:7:CAN_TxTemperatures	24	static
../Core/Src/can_comunication_cellmeter.c:209:7:CAN_TxDischargeReTemp	24	static
../Core/Src/can_comunication_cellmeter.c:231:7:CAN_TxRPMRefri	24	static
../Core/Src/can_comunication_cellmeter.c:251:7:CAN_TxCellDisconnect	24	static
../Core/Src/can_comunication_cellmeter.c:267:7:rx_sorter	8	static
