../Core/Src/main.c:75:6:master_init	8	static
../Core/Src/main.c:87:6:slave_supply_init	8	static
../Core/Src/main.c:100:6:power_manager	8	static
../Core/Src/main.c:113:6:HAL_ADC_ConvCpltCallback	16	static
../Core/Src/main.c:121:6:analog_data_manager	4	static
../Core/Src/main.c:127:6:capacity_calculation	4	static
../Core/Src/main.c:145:6:energy_calculation	4	static
../Core/Src/main.c:162:6:cooling_controller	4	static
../Core/Src/main.c:176:5:main	8	static
../Core/Src/main.c:231:6:SystemClock_Config	120	static
../Core/Src/main.c:292:13:MX_ADC1_Init	48	static
../Core/Src/main.c:383:13:MX_FDCAN1_Init	8	static
../Core/Src/main.c:436:13:MX_TIM2_Init	80	static
../Core/Src/main.c:508:13:MX_TIM12_Init	64	static
../Core/Src/main.c:565:13:MX_DMA_Init	16	static
../Core/Src/main.c:583:13:MX_GPIO_Init	48	static
../Core/Src/main.c:661:6:MPU_Config	24	static
../Core/Src/main.c:692:6:Error_Handler	4	static,ignoring_inline_asm
