Change Component Footprint: Designator=C801_DCH1 Old Footprint=C1206FNPC-RW New Footprint=WCAP-CSGP_0805_L2W1.25H1.25
Change Component Footprint: Designator=C801_DCH2 Old Footprint=C1206FNPC-RW New Footprint=WCAP-CSGP_0805_L2W1.25H1.25
Change Component Comment : Designator=C801_DCH1 Old Comment=C1u-16V-1206FNPC-X7R New Comment=C1u 0805
Change Component Comment : Designator=C801_DCH2 Old Comment=C1u-16V-1206FNPC-X7R New Comment=C1u 0805
Change Managed Component Library Link : Designator=C801_DCH1 Old VaultGUID=082481D6-5331-4BED-BC73-1EE54992B059 New VaultGUID=082481D6-5331-4BED-BC73-1EE54992B059 Old ItemGUID=3A81E951-08C1-4F9E-88E4-53EFCC79691C New ItemGUID=0385860c-3d37-4f0b-bbc9-cc8d0db75ff7 Old RevisionGUID=57C1B77E-FE8D-42C2-8A0E-941725396785 New RevisionGUID=F1481452-62DC-4FD0-BB00-477DAC16745E
Change Managed Component Library Link : Designator=C801_DCH2 Old VaultGUID=082481D6-5331-4BED-BC73-1EE54992B059 New VaultGUID=082481D6-5331-4BED-BC73-1EE54992B059 Old ItemGUID=3A81E951-08C1-4F9E-88E4-53EFCC79691C New ItemGUID=0385860c-3d37-4f0b-bbc9-cc8d0db75ff7 Old RevisionGUID=57C1B77E-FE8D-42C2-8A0E-941725396785 New RevisionGUID=F1481452-62DC-4FD0-BB00-477DAC16745E
Change component parameters: Designator = "C801_DCH1" ("C801"); Footprint = "C1206FNPC-RW"; UniqueID = "\HULRAFJZ\ABYPXEPS" ("\HULRAFJZ\ABYPXEPS")
Change component parameters (AddParameter): Name = "Capacitance"; Value = ""; VariantName = "[No Variations]"
Change component parameters (AddParameter): Name = "Capacitor Type"; Value = "Ceramic"; VariantName = "[No Variations]"
Change component parameters (AddParameter): Name = "Case/Package"; Value = ""; VariantName = "[No Variations]"
Change component parameters (AddParameter): Name = "Max Operating Temperature"; Value = ""; VariantName = "[No Variations]"
Change component parameters (AddParameter): Name = "Min Operating Temperature"; Value = ""; VariantName = "[No Variations]"
Change component parameters (AddParameter): Name = "Mounting Technology"; Value = ""; VariantName = "[No Variations]"
Change component parameters (AddParameter): Name = "Pins"; Value = "2"; VariantName = "[No Variations]"
Change component parameters (AddParameter): Name = "Ripple Current"; Value = ""; VariantName = "[No Variations]"
Change component parameters (AddParameter): Name = "Ripple Current (AC)"; Value = ""; VariantName = "[No Variations]"
Change component parameters (AddParameter): Name = "RoHS Compliant"; Value = "Yes"; VariantName = "[No Variations]"
Change component parameters (AddParameter): Name = "Tolerance"; Value = ""; VariantName = "[No Variations]"
Change component parameters (AddParameter): Name = "Value"; Value = ""; VariantName = "[No Variations]"
Change component parameters (AddParameter): Name = "Voltage Rating"; Value = ""; VariantName = "[No Variations]"
Change component parameters: Designator = "C801_DCH2" ("C801"); Footprint = "C1206FNPC-RW"; UniqueID = "\BEGCXXHY\ABYPXEPS" ("\BEGCXXHY\ABYPXEPS")
Change component parameters (AddParameter): Name = "Capacitance"; Value = ""; VariantName = "[No Variations]"
Change component parameters (AddParameter): Name = "Capacitor Type"; Value = "Ceramic"; VariantName = "[No Variations]"
Change component parameters (AddParameter): Name = "Case/Package"; Value = ""; VariantName = "[No Variations]"
Change component parameters (AddParameter): Name = "Max Operating Temperature"; Value = ""; VariantName = "[No Variations]"
Change component parameters (AddParameter): Name = "Min Operating Temperature"; Value = ""; VariantName = "[No Variations]"
Change component parameters (AddParameter): Name = "Mounting Technology"; Value = ""; VariantName = "[No Variations]"
Change component parameters (AddParameter): Name = "Pins"; Value = "2"; VariantName = "[No Variations]"
Change component parameters (AddParameter): Name = "Ripple Current"; Value = ""; VariantName = "[No Variations]"
Change component parameters (AddParameter): Name = "Ripple Current (AC)"; Value = ""; VariantName = "[No Variations]"
Change component parameters (AddParameter): Name = "RoHS Compliant"; Value = "Yes"; VariantName = "[No Variations]"
Change component parameters (AddParameter): Name = "Tolerance"; Value = ""; VariantName = "[No Variations]"
Change component parameters (AddParameter): Name = "Value"; Value = ""; VariantName = "[No Variations]"
Change component parameters (AddParameter): Name = "Voltage Rating"; Value = ""; VariantName = "[No Variations]"
