Added Pin To Net: NetName=XTAL_IN Pin=C602-1
Added Pin To Net: NetName=XTAL_IN Pin=U601-12
Added Pin To Net: NetName=XTAL_IN Pin=Y601-1
Added Net: Name=XTAL_IN
Added Pin To Net: NetName=XTAL_OUT Pin=C601-1
Added Pin To Net: NetName=XTAL_OUT Pin=U601-13
Added Pin To Net: NetName=XTAL_OUT Pin=Y601-3
Added Net: Name=XTAL_OUT
Added Room: Name=ADC
Added Room: Name=CAN
Added Room: Name=CH1
Added Room: Name=CH2
Added Room: Name=DCH1
Added Room: Name=DCH2
Added Room: Name=ETR_CELLMETER_SLAVE
Added Room: Name=KCELL1
Added Room: Name=KCELL2
Added Room: Name=Level_Shifter
Added Room: Name=MCU
Added Room: Name=NTC1
Added Room: Name=NTC2
Added Room: Name=NTC3
Added Room: Name=NTC4
Added Room: Name=U_Supply
