Removed Pin From Net: NetName=CAN1_L Pin=J3-2
Removed Pin From Net: NetName=CAN1_H Pin=J4-1
Added Pin To Net: NetName=CAN1_H Pin=J3-2
Added Pin To Net: NetName=CAN1_L Pin=J4-1
Added Room: Name=ADC
Added Room: Name=CAN
Added Room: Name=CH1
Added Room: Name=CH2
Added Room: Name=DCH1
Added Room: Name=DCH2
Added Room: Name=ETR_CELLMETER_SLAVE
Added Room: Name=KCELL1
Added Room: Name=KCELL2
Added Room: Name=Level_Shifter
Added Room: Name=MCU
Added Room: Name=NTC1
Added Room: Name=NTC2
Added Room: Name=NTC3
Added Room: Name=NTC4
Added Room: Name=U_Supply
