Change Component Designator: Old Designator=C22 New Designator=C601
Change Component Designator: Old Designator=C23 New Designator=C602
Change Component Designator: Old Designator=C24 New Designator=C603
Change Component Designator: Old Designator=C25 New Designator=C604
Change Component Designator: Old Designator=C26 New Designator=C605
Change Component Designator: Old Designator=C27 New Designator=C606
Change Component Designator: Old Designator=C28 New Designator=C607
Change Component Designator: Old Designator=C29 New Designator=C608
Change Component Designator: Old Designator=C30 New Designator=C609
Change Component Designator: Old Designator=D7 New Designator=D601
Change Component Designator: Old Designator=D8 New Designator=D602
Change Component Designator: Old Designator=D9 New Designator=D603
Change Component Designator: Old Designator=D10 New Designator=D604
Change Component Designator: Old Designator=L3 New Designator=L601
Change Component Designator: Old Designator=R13 New Designator=R601
Change Component Designator: Old Designator=R14 New Designator=R602
Change Component Designator: Old Designator=R15 New Designator=R603
Change Component Designator: Old Designator=R16 New Designator=R604
Change Component Designator: Old Designator=R17 New Designator=R605
Change Component Designator: Old Designator=R18 New Designator=R606
Change Component Designator: Old Designator=R19 New Designator=R607
Change Component Designator: Old Designator=R20 New Designator=R608
Change Component Designator: Old Designator=R21 New Designator=R609
Change Component Designator: Old Designator=R22 New Designator=R610
Change Component Designator: Old Designator=R23 New Designator=R611
Change Component Designator: Old Designator=R24 New Designator=R612
Change Component Designator: Old Designator=U4 New Designator=U601
Change Component Designator: Old Designator=U4 New Designator=U601
Change Component Designator: Old Designator=Y1 New Designator=Y601
