Change Component Designator: Old Designator=C39 New Designator=C901
Change Component Designator: Old Designator=C40 New Designator=C902
Change Component Designator: Old Designator=C41 New Designator=C903
Change Component Designator: Old Designator=C42 New Designator=C904
Change Component Designator: Old Designator=C43 New Designator=C905
Change Component Designator: Old Designator=C44 New Designator=C906
Change Component Designator: Old Designator=C45 New Designator=C907
Change Component Designator: Old Designator=C46 New Designator=C908
Change Component Designator: Old Designator=C47 New Designator=C909
Change Component Designator: Old Designator=C48 New Designator=C910
Change Component Designator: Old Designator=C49 New Designator=C911
Change Component Designator: Old Designator=D11 New Designator=D901
Change Component Designator: Old Designator=D12 New Designator=D902
Change Component Designator: Old Designator=L5 New Designator=L901
Change Component Designator: Old Designator=R37 New Designator=R901
Change Component Designator: Old Designator=R38 New Designator=R902
Change Component Designator: Old Designator=R39 New Designator=R903
Change Component Designator: Old Designator=R40 New Designator=R904
Change Component Designator: Old Designator=R41 New Designator=R905
Change Component Designator: Old Designator=R42 New Designator=R906
Change Component Designator: Old Designator=TP1 New Designator=TP903
Change Component Designator: Old Designator=TP5 New Designator=TP901
Change Component Designator: Old Designator=TP6 New Designator=TP902
Change Component Designator: Old Designator=U8 New Designator=U901
Change Component Designator: Old Designator=U9 New Designator=U902
