Removed Pin From Net: NetName=F1_EN Pin=U201-16
Removed Pin From Net: NetName=F2_EN Pin=U201-17
Removed Pin From Net: NetName=F2_FAULT Pin=U201-18
Removed Pin From Net: NetName=F1_FAULT Pin=U201-22
Removed Pin From Net: NetName=F1_IMON Pin=U201-24
Removed Pin From Net: NetName=F2_IMON Pin=U201-25
Removed Pin From Net: NetName=NTC1_ADC Pin=U201-29
Removed Pin From Net: NetName=NTC2_ADC Pin=U201-30
Removed Pin From Net: NetName=NetQ301_G Pin=U201-39
Removed Pin From Net: NetName=NetQ302_G Pin=U201-41
Removed Pin From Net: NetName=NetR301_1 Pin=U201-43
Removed Pin From Net: NetName=NetR304_1 Pin=U201-44
Removed Pin From Net: NetName=U_LED_3 Pin=U201-79
Removed Pin From Net: NetName=U_LED_4 Pin=U201-80
Removed Pin From Net: NetName=U_LED_1 Pin=U201-81
Removed Pin From Net: NetName=U_LED_2 Pin=U201-82
Removed Pin From Net: NetName=Buzzer Pin=U201-88
Added Pin To Net: NetName=NTC1_ADC Pin=U201-32
Added Pin To Net: NetName=NTC2_ADC Pin=U201-33
Added Pin To Net: NetName=F1_IMON Pin=U201-34
Added Pin To Net: NetName=F2_IMON Pin=U201-35
Added Pin To Net: NetName=NetQ301_G Pin=U201-46
Added Pin To Net: NetName=NetR301_1 Pin=U201-47
Added Pin To Net: NetName=NetQ302_G Pin=U201-53
Added Pin To Net: NetName=NetR304_1 Pin=U201-54
Added Pin To Net: NetName=F1_EN Pin=U201-55
Added Pin To Net: NetName=F1_FAULT Pin=U201-56
Added Pin To Net: NetName=F2_EN Pin=U201-57
Added Pin To Net: NetName=F2_FAULT Pin=U201-58
Added Pin To Net: NetName=U_LED_1 Pin=U201-85
Added Pin To Net: NetName=U_LED_2 Pin=U201-86
Added Pin To Net: NetName=U_LED_3 Pin=U201-87
Added Pin To Net: NetName=U_LED_4 Pin=U201-88
Added Pin To Net: NetName=Buzzer Pin=U201-93
Added Member To Class: ClassName=ETR_CELLMETER_MASTER Member=Component J4 NanoFit 1x4
