Removed Pin From Net: NetName=GND Pin=C54-1
Removed Pin From Net: NetName=GND Pin=C55-1
Removed Pin From Net: NetName=GND Pin=C56-2
Removed Pin From Net: NetName=GND Pin=C57-1
Removed Pin From Net: NetName=GND Pin=C58-1
Removed Pin From Net: NetName=GND Pin=C59-2
Removed Pin From Net: NetName=GND Pin=C60-1
Removed Pin From Net: NetName=GND Pin=C61-2
Removed Pin From Net: NetName=GND Pin=D9-1
Removed Pin From Net: NetName=GND Pin=D10-2
Removed Pin From Net: NetName=GND Pin=U7-2
Removed Pin From Net: NetName=GND Pin=U7-8
Change Component Footprint: Designator=MH1 Old Footprint=Mounting_Hole_M3 New Footprint=Mounting_Hole_M4
Change Component Footprint: Designator=MH2 Old Footprint=Mounting_Hole_M3 New Footprint=Mounting_Hole_M4
Change Component Footprint: Designator=MH3 Old Footprint=Mounting_Hole_M3 New Footprint=Mounting_Hole_M4
Change Component Footprint: Designator=MH4 Old Footprint=Mounting_Hole_M3 New Footprint=Mounting_Hole_M4
Change Component Comment : Designator=MH1 Old Comment=Mounting_Hole_M3 New Comment=Mounting_Hole_M4
Change Component Comment : Designator=MH2 Old Comment=Mounting_Hole_M3 New Comment=Mounting_Hole_M4
Change Component Comment : Designator=MH3 Old Comment=Mounting_Hole_M3 New Comment=Mounting_Hole_M4
Change Component Comment : Designator=MH4 Old Comment=Mounting_Hole_M3 New Comment=Mounting_Hole_M4
Change Managed Component Library Link : Designator=MH1 Old VaultGUID=082481D6-5331-4BED-BC73-1EE54992B059 New VaultGUID=082481D6-5331-4BED-BC73-1EE54992B059 Old ItemGUID=E2B93A19-8BCB-47C9-B366-591FF1E7B9F6 New ItemGUID=0528D036-5606-4F10-B5E6-11BE17AE07EE Old RevisionGUID=ACB2657C-F6CD-4854-976B-A14743B20411 New RevisionGUID=fde227bd-6ce0-4598-ba1d-f4ab806e7654
Change Managed Component Library Link : Designator=MH2 Old VaultGUID=082481D6-5331-4BED-BC73-1EE54992B059 New VaultGUID=082481D6-5331-4BED-BC73-1EE54992B059 Old ItemGUID=E2B93A19-8BCB-47C9-B366-591FF1E7B9F6 New ItemGUID=0528D036-5606-4F10-B5E6-11BE17AE07EE Old RevisionGUID=ACB2657C-F6CD-4854-976B-A14743B20411 New RevisionGUID=fde227bd-6ce0-4598-ba1d-f4ab806e7654
Change Managed Component Library Link : Designator=MH3 Old VaultGUID=082481D6-5331-4BED-BC73-1EE54992B059 New VaultGUID=082481D6-5331-4BED-BC73-1EE54992B059 Old ItemGUID=E2B93A19-8BCB-47C9-B366-591FF1E7B9F6 New ItemGUID=0528D036-5606-4F10-B5E6-11BE17AE07EE Old RevisionGUID=ACB2657C-F6CD-4854-976B-A14743B20411 New RevisionGUID=fde227bd-6ce0-4598-ba1d-f4ab806e7654
Change Managed Component Library Link : Designator=MH4 Old VaultGUID=082481D6-5331-4BED-BC73-1EE54992B059 New VaultGUID=082481D6-5331-4BED-BC73-1EE54992B059 Old ItemGUID=E2B93A19-8BCB-47C9-B366-591FF1E7B9F6 New ItemGUID=0528D036-5606-4F10-B5E6-11BE17AE07EE Old RevisionGUID=ACB2657C-F6CD-4854-976B-A14743B20411 New RevisionGUID=fde227bd-6ce0-4598-ba1d-f4ab806e7654
Change component parameters: Designator = "MH1" ("MH1"); Footprint = "Mounting_Hole_M3"; UniqueID = "\XMZYKDGF" ("\XMZYKDGF")
Change component parameters (AddParameter): Name = ".Creator"; Value = ""; VariantName = "[No Variations]"
Change component parameters (AddParameter): Name = ".PCBcheck"; Value = ""; VariantName = "[No Variations]"
Change component parameters (AddParameter): Name = ".SCHcheck"; Value = ""; VariantName = "[No Variations]"
Change component parameters (AddParameter): Name = "Application(s)"; Value = ""; VariantName = "[No Variations]"
Change component parameters (AddParameter): Name = "Approvals"; Value = ""; VariantName = "[No Variations]"
Change component parameters (AddParameter): Name = "Case/Package"; Value = ""; VariantName = "[No Variations]"
Change component parameters (AddParameter): Name = "Category"; Value = ""; VariantName = "[No Variations]"
Change component parameters (AddParameter): Name = "Closed End"; Value = ""; VariantName = "[No Variations]"
Change component parameters (AddParameter): Name = "Coil Current"; Value = ""; VariantName = "[No Variations]"
Change component parameters (AddParameter): Name = "Coil Power"; Value = ""; VariantName = "[No Variations]"
Change component parameters (AddParameter): Name = "Coil Resistance"; Value = ""; VariantName = "[No Variations]"
Change component parameters (AddParameter): Name = "Coil Type"; Value = ""; VariantName = "[No Variations]"
Change component parameters (AddParameter): Name = "Coil Voltage (DC)"; Value = ""; VariantName = "[No Variations]"
Change component parameters (AddParameter): Name = "Color"; Value = ""; VariantName = "[No Variations]"
Change component parameters (AddParameter): Name = "Connector Type"; Value = ""; VariantName = "[No Variations]"
Change component parameters (AddParameter): Name = "Contact Current Rating"; Value = ""; VariantName = "[No Variations]"
Change component parameters (AddParameter): Name = "Contact Material"; Value = ""; VariantName = "[No Variations]"
Change component parameters (AddParameter): Name = "Contact Plating"; Value = ""; VariantName = "[No Variations]"
Change component parameters (AddParameter): Name = "Current"; Value = ""; VariantName = "[No Variations]"
Change component parameters (AddParameter): Name = "Current Rating"; Value = ""; VariantName = "[No Variations]"
Change component parameters (AddParameter): Name = "Depth"; Value = ""; VariantName = "[No Variations]"
Change component parameters (AddParameter): Name = "Design Item ID"; Value = "Mounting_Hole_M4"; VariantName = "[No Variations]"
Change component parameters (AddParameter): Name = "ELV"; Value = ""; VariantName = "[No Variations]"
Change component parameters (AddParameter): Name = "Flammability Rating"; Value = ""; VariantName = "[No Variations]"
Change component parameters (AddParameter): Name = "Housing Color"; Value = ""; VariantName = "[No Variations]"
Change component parameters (AddParameter): Name = "Housing Material"; Value = ""; VariantName = "[No Variations]"
Change component parameters (AddParameter): Name = "Insulation Material"; Value = ""; VariantName = "[No Variations]"
Change component parameters (AddParameter): Name = "Interlock"; Value = ""; VariantName = "[No Variations]"
Change component parameters (AddParameter): Name = "Lead Free"; Value = ""; VariantName = "[No Variations]"
Change component parameters (AddParameter): Name = "Length"; Value = ""; VariantName = "[No Variations]"
Change component parameters (AddParameter): Name = "Manufacturer"; Value = ""; VariantName = "[No Variations]"
Change component parameters (AddParameter): Name = "Manufacturer 1"; Value = ""; VariantName = "[No Variations]"
Change component parameters (AddParameter): Name = "Manufacturer Part Number"; Value = ""; VariantName = "[No Variations]"
Change component parameters (AddParameter): Name = "Manufacturer Part Number 1"; Value = ""; VariantName = "[No Variations]"
Change component parameters (AddParameter): Name = "Max Current Rating"; Value = ""; VariantName = "[No Variations]"
Change component parameters (AddParameter): Name = "Max Operating Temperature"; Value = ""; VariantName = "[No Variations]"
Change component parameters (AddParameter): Name = "Max Supply Voltage (AC)"; Value = ""; VariantName = "[No Variations]"
Change component parameters (AddParameter): Name = "Max Voltage Rating (AC)"; Value = ""; VariantName = "[No Variations]"
Change component parameters (AddParameter): Name = "Max Voltage Rating (DC)"; Value = ""; VariantName = "[No Variations]"
Change component parameters (AddParameter): Name = "Min Operating Temperature"; Value = ""; VariantName = "[No Variations]"
Change component parameters (AddParameter): Name = "Mount"; Value = ""; VariantName = "[No Variations]"
Change component parameters (AddParameter): Name = "Number of Circuits"; Value = ""; VariantName = "[No Variations]"
Change component parameters (AddParameter): Name = "Number of Contacts"; Value = ""; VariantName = "[No Variations]"
Change component parameters (AddParameter): Name = "Number of Levels"; Value = ""; VariantName = "[No Variations]"
Change component parameters (AddParameter): Name = "Number of Pins"; Value = ""; VariantName = "[No Variations]"
Change component parameters (AddParameter): Name = "Number of Poles"; Value = ""; VariantName = "[No Variations]"
Change component parameters (AddParameter): Name = "Number of Positions"; Value = ""; VariantName = "[No Variations]"
Change component parameters (AddParameter): Name = "Number of Positions Per Level"; Value = ""; VariantName = "[No Variations]"
Change component parameters (AddParameter): Name = "Number of Rows"; Value = ""; VariantName = "[No Variations]"
Change component parameters (AddParameter): Name = "Operate Time"; Value = ""; VariantName = "[No Variations]"
Change component parameters (AddParameter): Name = "Orientation"; Value = ""; VariantName = "[No Variations]"
Change component parameters (AddParameter): Name = "Package Quantity"; Value = ""; VariantName = "[No Variations]"
Change component parameters (AddParameter): Name = "Packaging"; Value = ""; VariantName = "[No Variations]"
Change component parameters (AddParameter): Name = "Pitch"; Value = ""; VariantName = "[No Variations]"
Change component parameters (AddParameter): Name = "Plating"; Value = ""; VariantName = "[No Variations]"
Change component parameters (AddParameter): Name = "Power Consumption"; Value = ""; VariantName = "[No Variations]"
Change component parameters (AddParameter): Name = "Pricing 1"; Value = ""; VariantName = "[No Variations]"
Change component parameters (AddParameter): Name = "Radiation Hardening"; Value = ""; VariantName = "[No Variations]"
Change component parameters (AddParameter): Name = "REACH SVHC"; Value = ""; VariantName = "[No Variations]"
Change component parameters (AddParameter): Name = "Relay Type"; Value = ""; VariantName = "[No Variations]"
Change component parameters (AddParameter): Name = "Release Time"; Value = ""; VariantName = "[No Variations]"
Change component parameters (AddParameter): Name = "RMS Current (Irms)"; Value = ""; VariantName = "[No Variations]"
Change component parameters (AddParameter): Name = "RoHS"; Value = ""; VariantName = "[No Variations]"
Change component parameters (AddParameter): Name = "RoHS Compliant"; Value = ""; VariantName = "[No Variations]"
Change component parameters (AddParameter): Name = "Screw Flange"; Value = ""; VariantName = "[No Variations]"
Change component parameters (AddParameter): Name = "Screwless Terminal Block"; Value = ""; VariantName = "[No Variations]"
Change component parameters (AddParameter): Name = "Series"; Value = ""; VariantName = "[No Variations]"
Change component parameters (AddParameter): Name = "Side Stackable"; Value = ""; VariantName = "[No Variations]"
Change component parameters (AddParameter): Name = "Source"; Value = "Electromechanical.SchLib"; VariantName = "[No Variations]"
Change component parameters (AddParameter): Name = "Stock 1"; Value = ""; VariantName = "[No Variations]"
Change component parameters (AddParameter): Name = "Tail Length"; Value = ""; VariantName = "[No Variations]"
Change component parameters (AddParameter): Name = "Termination"; Value = ""; VariantName = "[No Variations]"
Change component parameters (AddParameter): Name = "Thread Size"; Value = ""; VariantName = "[No Variations]"
Change component parameters (AddParameter): Name = "Throw Configuration"; Value = ""; VariantName = "[No Variations]"
Change component parameters (AddParameter): Name = "Voltage"; Value = ""; VariantName = "[No Variations]"
Change component parameters (AddParameter): Name = "Voltage Rating"; Value = ""; VariantName = "[No Variations]"
Change component parameters (AddParameter): Name = "Voltage Rating (AC)"; Value = ""; VariantName = "[No Variations]"
Change component parameters (AddParameter): Name = "Voltage Rating (DC)"; Value = ""; VariantName = "[No Variations]"
Change component parameters (AddParameter): Name = "Width"; Value = ""; VariantName = "[No Variations]"
Change component parameters (AddParameter): Name = "Wire Gauge (Max)"; Value = ""; VariantName = "[No Variations]"
Change component parameters (AddParameter): Name = "Wire Gauge (Min)"; Value = ""; VariantName = "[No Variations]"
Change component parameters (AddParameter): Name = "Wire/Cable Gauge"; Value = ""; VariantName = "[No Variations]"
Change component parameters (AddParameter): Name = "Working Voltage"; Value = ""; VariantName = "[No Variations]"
Change component parameters: Designator = "MH2" ("MH2"); Footprint = "Mounting_Hole_M3"; UniqueID = "\NCYPGDBX" ("\NCYPGDBX")
Change component parameters (AddParameter): Name = ".Creator"; Value = ""; VariantName = "[No Variations]"
Change component parameters (AddParameter): Name = ".PCBcheck"; Value = ""; VariantName = "[No Variations]"
Change component parameters (AddParameter): Name = ".SCHcheck"; Value = ""; VariantName = "[No Variations]"
Change component parameters (AddParameter): Name = "Application(s)"; Value = ""; VariantName = "[No Variations]"
Change component parameters (AddParameter): Name = "Approvals"; Value = ""; VariantName = "[No Variations]"
Change component parameters (AddParameter): Name = "Case/Package"; Value = ""; VariantName = "[No Variations]"
Change component parameters (AddParameter): Name = "Category"; Value = ""; VariantName = "[No Variations]"
Change component parameters (AddParameter): Name = "Closed End"; Value = ""; VariantName = "[No Variations]"
Change component parameters (AddParameter): Name = "Coil Current"; Value = ""; VariantName = "[No Variations]"
Change component parameters (AddParameter): Name = "Coil Power"; Value = ""; VariantName = "[No Variations]"
Change component parameters (AddParameter): Name = "Coil Resistance"; Value = ""; VariantName = "[No Variations]"
Change component parameters (AddParameter): Name = "Coil Type"; Value = ""; VariantName = "[No Variations]"
Change component parameters (AddParameter): Name = "Coil Voltage (DC)"; Value = ""; VariantName = "[No Variations]"
Change component parameters (AddParameter): Name = "Color"; Value = ""; VariantName = "[No Variations]"
Change component parameters (AddParameter): Name = "Connector Type"; Value = ""; VariantName = "[No Variations]"
Change component parameters (AddParameter): Name = "Contact Current Rating"; Value = ""; VariantName = "[No Variations]"
Change component parameters (AddParameter): Name = "Contact Material"; Value = ""; VariantName = "[No Variations]"
Change component parameters (AddParameter): Name = "Contact Plating"; Value = ""; VariantName = "[No Variations]"
Change component parameters (AddParameter): Name = "Current"; Value = ""; VariantName = "[No Variations]"
Change component parameters (AddParameter): Name = "Current Rating"; Value = ""; VariantName = "[No Variations]"
Change component parameters (AddParameter): Name = "Depth"; Value = ""; VariantName = "[No Variations]"
Change component parameters (AddParameter): Name = "Design Item ID"; Value = "Mounting_Hole_M4"; VariantName = "[No Variations]"
Change component parameters (AddParameter): Name = "ELV"; Value = ""; VariantName = "[No Variations]"
Change component parameters (AddParameter): Name = "Flammability Rating"; Value = ""; VariantName = "[No Variations]"
Change component parameters (AddParameter): Name = "Housing Color"; Value = ""; VariantName = "[No Variations]"
Change component parameters (AddParameter): Name = "Housing Material"; Value = ""; VariantName = "[No Variations]"
Change component parameters (AddParameter): Name = "Insulation Material"; Value = ""; VariantName = "[No Variations]"
Change component parameters (AddParameter): Name = "Interlock"; Value = ""; VariantName = "[No Variations]"
Change component parameters (AddParameter): Name = "Lead Free"; Value = ""; VariantName = "[No Variations]"
Change component parameters (AddParameter): Name = "Length"; Value = ""; VariantName = "[No Variations]"
Change component parameters (AddParameter): Name = "Manufacturer"; Value = ""; VariantName = "[No Variations]"
Change component parameters (AddParameter): Name = "Manufacturer 1"; Value = ""; VariantName = "[No Variations]"
Change component parameters (AddParameter): Name = "Manufacturer Part Number"; Value = ""; VariantName = "[No Variations]"
Change component parameters (AddParameter): Name = "Manufacturer Part Number 1"; Value = ""; VariantName = "[No Variations]"
Change component parameters (AddParameter): Name = "Max Current Rating"; Value = ""; VariantName = "[No Variations]"
Change component parameters (AddParameter): Name = "Max Operating Temperature"; Value = ""; VariantName = "[No Variations]"
Change component parameters (AddParameter): Name = "Max Supply Voltage (AC)"; Value = ""; VariantName = "[No Variations]"
Change component parameters (AddParameter): Name = "Max Voltage Rating (AC)"; Value = ""; VariantName = "[No Variations]"
Change component parameters (AddParameter): Name = "Max Voltage Rating (DC)"; Value = ""; VariantName = "[No Variations]"
Change component parameters (AddParameter): Name = "Min Operating Temperature"; Value = ""; VariantName = "[No Variations]"
Change component parameters (AddParameter): Name = "Mount"; Value = ""; VariantName = "[No Variations]"
Change component parameters (AddParameter): Name = "Number of Circuits"; Value = ""; VariantName = "[No Variations]"
Change component parameters (AddParameter): Name = "Number of Contacts"; Value = ""; VariantName = "[No Variations]"
Change component parameters (AddParameter): Name = "Number of Levels"; Value = ""; VariantName = "[No Variations]"
Change component parameters (AddParameter): Name = "Number of Pins"; Value = ""; VariantName = "[No Variations]"
Change component parameters (AddParameter): Name = "Number of Poles"; Value = ""; VariantName = "[No Variations]"
Change component parameters (AddParameter): Name = "Number of Positions"; Value = ""; VariantName = "[No Variations]"
Change component parameters (AddParameter): Name = "Number of Positions Per Level"; Value = ""; VariantName = "[No Variations]"
Change component parameters (AddParameter): Name = "Number of Rows"; Value = ""; VariantName = "[No Variations]"
Change component parameters (AddParameter): Name = "Operate Time"; Value = ""; VariantName = "[No Variations]"
Change component parameters (AddParameter): Name = "Orientation"; Value = ""; VariantName = "[No Variations]"
Change component parameters (AddParameter): Name = "Package Quantity"; Value = ""; VariantName = "[No Variations]"
Change component parameters (AddParameter): Name = "Packaging"; Value = ""; VariantName = "[No Variations]"
Change component parameters (AddParameter): Name = "Pitch"; Value = ""; VariantName = "[No Variations]"
Change component parameters (AddParameter): Name = "Plating"; Value = ""; VariantName = "[No Variations]"
Change component parameters (AddParameter): Name = "Power Consumption"; Value = ""; VariantName = "[No Variations]"
Change component parameters (AddParameter): Name = "Pricing 1"; Value = ""; VariantName = "[No Variations]"
Change component parameters (AddParameter): Name = "Radiation Hardening"; Value = ""; VariantName = "[No Variations]"
Change component parameters (AddParameter): Name = "REACH SVHC"; Value = ""; VariantName = "[No Variations]"
Change component parameters (AddParameter): Name = "Relay Type"; Value = ""; VariantName = "[No Variations]"
Change component parameters (AddParameter): Name = "Release Time"; Value = ""; VariantName = "[No Variations]"
Change component parameters (AddParameter): Name = "RMS Current (Irms)"; Value = ""; VariantName = "[No Variations]"
Change component parameters (AddParameter): Name = "RoHS"; Value = ""; VariantName = "[No Variations]"
Change component parameters (AddParameter): Name = "RoHS Compliant"; Value = ""; VariantName = "[No Variations]"
Change component parameters (AddParameter): Name = "Screw Flange"; Value = ""; VariantName = "[No Variations]"
Change component parameters (AddParameter): Name = "Screwless Terminal Block"; Value = ""; VariantName = "[No Variations]"
Change component parameters (AddParameter): Name = "Series"; Value = ""; VariantName = "[No Variations]"
Change component parameters (AddParameter): Name = "Side Stackable"; Value = ""; VariantName = "[No Variations]"
Change component parameters (AddParameter): Name = "Source"; Value = "Electromechanical.SchLib"; VariantName = "[No Variations]"
Change component parameters (AddParameter): Name = "Stock 1"; Value = ""; VariantName = "[No Variations]"
Change component parameters (AddParameter): Name = "Tail Length"; Value = ""; VariantName = "[No Variations]"
Change component parameters (AddParameter): Name = "Termination"; Value = ""; VariantName = "[No Variations]"
Change component parameters (AddParameter): Name = "Thread Size"; Value = ""; VariantName = "[No Variations]"
Change component parameters (AddParameter): Name = "Throw Configuration"; Value = ""; VariantName = "[No Variations]"
Change component parameters (AddParameter): Name = "Voltage"; Value = ""; VariantName = "[No Variations]"
Change component parameters (AddParameter): Name = "Voltage Rating"; Value = ""; VariantName = "[No Variations]"
Change component parameters (AddParameter): Name = "Voltage Rating (AC)"; Value = ""; VariantName = "[No Variations]"
Change component parameters (AddParameter): Name = "Voltage Rating (DC)"; Value = ""; VariantName = "[No Variations]"
Change component parameters (AddParameter): Name = "Width"; Value = ""; VariantName = "[No Variations]"
Change component parameters (AddParameter): Name = "Wire Gauge (Max)"; Value = ""; VariantName = "[No Variations]"
Change component parameters (AddParameter): Name = "Wire Gauge (Min)"; Value = ""; VariantName = "[No Variations]"
Change component parameters (AddParameter): Name = "Wire/Cable Gauge"; Value = ""; VariantName = "[No Variations]"
Change component parameters (AddParameter): Name = "Working Voltage"; Value = ""; VariantName = "[No Variations]"
Change component parameters: Designator = "MH3" ("MH3"); Footprint = "Mounting_Hole_M3"; UniqueID = "\IBOTEIBY" ("\IBOTEIBY")
Change component parameters (AddParameter): Name = ".Creator"; Value = ""; VariantName = "[No Variations]"
Change component parameters (AddParameter): Name = ".PCBcheck"; Value = ""; VariantName = "[No Variations]"
Change component parameters (AddParameter): Name = ".SCHcheck"; Value = ""; VariantName = "[No Variations]"
Change component parameters (AddParameter): Name = "Application(s)"; Value = ""; VariantName = "[No Variations]"
Change component parameters (AddParameter): Name = "Approvals"; Value = ""; VariantName = "[No Variations]"
Change component parameters (AddParameter): Name = "Case/Package"; Value = ""; VariantName = "[No Variations]"
Change component parameters (AddParameter): Name = "Category"; Value = ""; VariantName = "[No Variations]"
Change component parameters (AddParameter): Name = "Closed End"; Value = ""; VariantName = "[No Variations]"
Change component parameters (AddParameter): Name = "Coil Current"; Value = ""; VariantName = "[No Variations]"
Change component parameters (AddParameter): Name = "Coil Power"; Value = ""; VariantName = "[No Variations]"
Change component parameters (AddParameter): Name = "Coil Resistance"; Value = ""; VariantName = "[No Variations]"
Change component parameters (AddParameter): Name = "Coil Type"; Value = ""; VariantName = "[No Variations]"
Change component parameters (AddParameter): Name = "Coil Voltage (DC)"; Value = ""; VariantName = "[No Variations]"
Change component parameters (AddParameter): Name = "Color"; Value = ""; VariantName = "[No Variations]"
Change component parameters (AddParameter): Name = "Connector Type"; Value = ""; VariantName = "[No Variations]"
Change component parameters (AddParameter): Name = "Contact Current Rating"; Value = ""; VariantName = "[No Variations]"
Change component parameters (AddParameter): Name = "Contact Material"; Value = ""; VariantName = "[No Variations]"
Change component parameters (AddParameter): Name = "Contact Plating"; Value = ""; VariantName = "[No Variations]"
Change component parameters (AddParameter): Name = "Current"; Value = ""; VariantName = "[No Variations]"
Change component parameters (AddParameter): Name = "Current Rating"; Value = ""; VariantName = "[No Variations]"
Change component parameters (AddParameter): Name = "Depth"; Value = ""; VariantName = "[No Variations]"
Change component parameters (AddParameter): Name = "Design Item ID"; Value = "Mounting_Hole_M4"; VariantName = "[No Variations]"
Change component parameters (AddParameter): Name = "ELV"; Value = ""; VariantName = "[No Variations]"
Change component parameters (AddParameter): Name = "Flammability Rating"; Value = ""; VariantName = "[No Variations]"
Change component parameters (AddParameter): Name = "Housing Color"; Value = ""; VariantName = "[No Variations]"
Change component parameters (AddParameter): Name = "Housing Material"; Value = ""; VariantName = "[No Variations]"
Change component parameters (AddParameter): Name = "Insulation Material"; Value = ""; VariantName = "[No Variations]"
Change component parameters (AddParameter): Name = "Interlock"; Value = ""; VariantName = "[No Variations]"
Change component parameters (AddParameter): Name = "Lead Free"; Value = ""; VariantName = "[No Variations]"
Change component parameters (AddParameter): Name = "Length"; Value = ""; VariantName = "[No Variations]"
Change component parameters (AddParameter): Name = "Manufacturer"; Value = ""; VariantName = "[No Variations]"
Change component parameters (AddParameter): Name = "Manufacturer 1"; Value = ""; VariantName = "[No Variations]"
Change component parameters (AddParameter): Name = "Manufacturer Part Number"; Value = ""; VariantName = "[No Variations]"
Change component parameters (AddParameter): Name = "Manufacturer Part Number 1"; Value = ""; VariantName = "[No Variations]"
Change component parameters (AddParameter): Name = "Max Current Rating"; Value = ""; VariantName = "[No Variations]"
Change component parameters (AddParameter): Name = "Max Operating Temperature"; Value = ""; VariantName = "[No Variations]"
Change component parameters (AddParameter): Name = "Max Supply Voltage (AC)"; Value = ""; VariantName = "[No Variations]"
Change component parameters (AddParameter): Name = "Max Voltage Rating (AC)"; Value = ""; VariantName = "[No Variations]"
Change component parameters (AddParameter): Name = "Max Voltage Rating (DC)"; Value = ""; VariantName = "[No Variations]"
Change component parameters (AddParameter): Name = "Min Operating Temperature"; Value = ""; VariantName = "[No Variations]"
Change component parameters (AddParameter): Name = "Mount"; Value = ""; VariantName = "[No Variations]"
Change component parameters (AddParameter): Name = "Number of Circuits"; Value = ""; VariantName = "[No Variations]"
Change component parameters (AddParameter): Name = "Number of Contacts"; Value = ""; VariantName = "[No Variations]"
Change component parameters (AddParameter): Name = "Number of Levels"; Value = ""; VariantName = "[No Variations]"
Change component parameters (AddParameter): Name = "Number of Pins"; Value = ""; VariantName = "[No Variations]"
Change component parameters (AddParameter): Name = "Number of Poles"; Value = ""; VariantName = "[No Variations]"
Change component parameters (AddParameter): Name = "Number of Positions"; Value = ""; VariantName = "[No Variations]"
Change component parameters (AddParameter): Name = "Number of Positions Per Level"; Value = ""; VariantName = "[No Variations]"
Change component parameters (AddParameter): Name = "Number of Rows"; Value = ""; VariantName = "[No Variations]"
Change component parameters (AddParameter): Name = "Operate Time"; Value = ""; VariantName = "[No Variations]"
Change component parameters (AddParameter): Name = "Orientation"; Value = ""; VariantName = "[No Variations]"
Change component parameters (AddParameter): Name = "Package Quantity"; Value = ""; VariantName = "[No Variations]"
Change component parameters (AddParameter): Name = "Packaging"; Value = ""; VariantName = "[No Variations]"
Change component parameters (AddParameter): Name = "Pitch"; Value = ""; VariantName = "[No Variations]"
Change component parameters (AddParameter): Name = "Plating"; Value = ""; VariantName = "[No Variations]"
Change component parameters (AddParameter): Name = "Power Consumption"; Value = ""; VariantName = "[No Variations]"
Change component parameters (AddParameter): Name = "Pricing 1"; Value = ""; VariantName = "[No Variations]"
Change component parameters (AddParameter): Name = "Radiation Hardening"; Value = ""; VariantName = "[No Variations]"
Change component parameters (AddParameter): Name = "REACH SVHC"; Value = ""; VariantName = "[No Variations]"
Change component parameters (AddParameter): Name = "Relay Type"; Value = ""; VariantName = "[No Variations]"
Change component parameters (AddParameter): Name = "Release Time"; Value = ""; VariantName = "[No Variations]"
Change component parameters (AddParameter): Name = "RMS Current (Irms)"; Value = ""; VariantName = "[No Variations]"
Change component parameters (AddParameter): Name = "RoHS"; Value = ""; VariantName = "[No Variations]"
Change component parameters (AddParameter): Name = "RoHS Compliant"; Value = ""; VariantName = "[No Variations]"
Change component parameters (AddParameter): Name = "Screw Flange"; Value = ""; VariantName = "[No Variations]"
Change component parameters (AddParameter): Name = "Screwless Terminal Block"; Value = ""; VariantName = "[No Variations]"
Change component parameters (AddParameter): Name = "Series"; Value = ""; VariantName = "[No Variations]"
Change component parameters (AddParameter): Name = "Side Stackable"; Value = ""; VariantName = "[No Variations]"
Change component parameters (AddParameter): Name = "Source"; Value = "Electromechanical.SchLib"; VariantName = "[No Variations]"
Change component parameters (AddParameter): Name = "Stock 1"; Value = ""; VariantName = "[No Variations]"
Change component parameters (AddParameter): Name = "Tail Length"; Value = ""; VariantName = "[No Variations]"
Change component parameters (AddParameter): Name = "Termination"; Value = ""; VariantName = "[No Variations]"
Change component parameters (AddParameter): Name = "Thread Size"; Value = ""; VariantName = "[No Variations]"
Change component parameters (AddParameter): Name = "Throw Configuration"; Value = ""; VariantName = "[No Variations]"
Change component parameters (AddParameter): Name = "Voltage"; Value = ""; VariantName = "[No Variations]"
Change component parameters (AddParameter): Name = "Voltage Rating"; Value = ""; VariantName = "[No Variations]"
Change component parameters (AddParameter): Name = "Voltage Rating (AC)"; Value = ""; VariantName = "[No Variations]"
Change component parameters (AddParameter): Name = "Voltage Rating (DC)"; Value = ""; VariantName = "[No Variations]"
Change component parameters (AddParameter): Name = "Width"; Value = ""; VariantName = "[No Variations]"
Change component parameters (AddParameter): Name = "Wire Gauge (Max)"; Value = ""; VariantName = "[No Variations]"
Change component parameters (AddParameter): Name = "Wire Gauge (Min)"; Value = ""; VariantName = "[No Variations]"
Change component parameters (AddParameter): Name = "Wire/Cable Gauge"; Value = ""; VariantName = "[No Variations]"
Change component parameters (AddParameter): Name = "Working Voltage"; Value = ""; VariantName = "[No Variations]"
Change component parameters: Designator = "MH4" ("MH4"); Footprint = "Mounting_Hole_M3"; UniqueID = "\QLEEFTKL" ("\QLEEFTKL")
Change component parameters (AddParameter): Name = ".Creator"; Value = ""; VariantName = "[No Variations]"
Change component parameters (AddParameter): Name = ".PCBcheck"; Value = ""; VariantName = "[No Variations]"
Change component parameters (AddParameter): Name = ".SCHcheck"; Value = ""; VariantName = "[No Variations]"
Change component parameters (AddParameter): Name = "Application(s)"; Value = ""; VariantName = "[No Variations]"
Change component parameters (AddParameter): Name = "Approvals"; Value = ""; VariantName = "[No Variations]"
Change component parameters (AddParameter): Name = "Case/Package"; Value = ""; VariantName = "[No Variations]"
Change component parameters (AddParameter): Name = "Category"; Value = ""; VariantName = "[No Variations]"
Change component parameters (AddParameter): Name = "Closed End"; Value = ""; VariantName = "[No Variations]"
Change component parameters (AddParameter): Name = "Coil Current"; Value = ""; VariantName = "[No Variations]"
Change component parameters (AddParameter): Name = "Coil Power"; Value = ""; VariantName = "[No Variations]"
Change component parameters (AddParameter): Name = "Coil Resistance"; Value = ""; VariantName = "[No Variations]"
Change component parameters (AddParameter): Name = "Coil Type"; Value = ""; VariantName = "[No Variations]"
Change component parameters (AddParameter): Name = "Coil Voltage (DC)"; Value = ""; VariantName = "[No Variations]"
Change component parameters (AddParameter): Name = "Color"; Value = ""; VariantName = "[No Variations]"
Change component parameters (AddParameter): Name = "Connector Type"; Value = ""; VariantName = "[No Variations]"
Change component parameters (AddParameter): Name = "Contact Current Rating"; Value = ""; VariantName = "[No Variations]"
Change component parameters (AddParameter): Name = "Contact Material"; Value = ""; VariantName = "[No Variations]"
Change component parameters (AddParameter): Name = "Contact Plating"; Value = ""; VariantName = "[No Variations]"
Change component parameters (AddParameter): Name = "Current"; Value = ""; VariantName = "[No Variations]"
Change component parameters (AddParameter): Name = "Current Rating"; Value = ""; VariantName = "[No Variations]"
Change component parameters (AddParameter): Name = "Depth"; Value = ""; VariantName = "[No Variations]"
Change component parameters (AddParameter): Name = "Design Item ID"; Value = "Mounting_Hole_M4"; VariantName = "[No Variations]"
Change component parameters (AddParameter): Name = "ELV"; Value = ""; VariantName = "[No Variations]"
Change component parameters (AddParameter): Name = "Flammability Rating"; Value = ""; VariantName = "[No Variations]"
Change component parameters (AddParameter): Name = "Housing Color"; Value = ""; VariantName = "[No Variations]"
Change component parameters (AddParameter): Name = "Housing Material"; Value = ""; VariantName = "[No Variations]"
Change component parameters (AddParameter): Name = "Insulation Material"; Value = ""; VariantName = "[No Variations]"
Change component parameters (AddParameter): Name = "Interlock"; Value = ""; VariantName = "[No Variations]"
Change component parameters (AddParameter): Name = "Lead Free"; Value = ""; VariantName = "[No Variations]"
Change component parameters (AddParameter): Name = "Length"; Value = ""; VariantName = "[No Variations]"
Change component parameters (AddParameter): Name = "Manufacturer"; Value = ""; VariantName = "[No Variations]"
Change component parameters (AddParameter): Name = "Manufacturer 1"; Value = ""; VariantName = "[No Variations]"
Change component parameters (AddParameter): Name = "Manufacturer Part Number"; Value = ""; VariantName = "[No Variations]"
Change component parameters (AddParameter): Name = "Manufacturer Part Number 1"; Value = ""; VariantName = "[No Variations]"
Change component parameters (AddParameter): Name = "Max Current Rating"; Value = ""; VariantName = "[No Variations]"
Change component parameters (AddParameter): Name = "Max Operating Temperature"; Value = ""; VariantName = "[No Variations]"
Change component parameters (AddParameter): Name = "Max Supply Voltage (AC)"; Value = ""; VariantName = "[No Variations]"
Change component parameters (AddParameter): Name = "Max Voltage Rating (AC)"; Value = ""; VariantName = "[No Variations]"
Change component parameters (AddParameter): Name = "Max Voltage Rating (DC)"; Value = ""; VariantName = "[No Variations]"
Change component parameters (AddParameter): Name = "Min Operating Temperature"; Value = ""; VariantName = "[No Variations]"
Change component parameters (AddParameter): Name = "Mount"; Value = ""; VariantName = "[No Variations]"
Change component parameters (AddParameter): Name = "Number of Circuits"; Value = ""; VariantName = "[No Variations]"
Change component parameters (AddParameter): Name = "Number of Contacts"; Value = ""; VariantName = "[No Variations]"
Change component parameters (AddParameter): Name = "Number of Levels"; Value = ""; VariantName = "[No Variations]"
Change component parameters (AddParameter): Name = "Number of Pins"; Value = ""; VariantName = "[No Variations]"
Change component parameters (AddParameter): Name = "Number of Poles"; Value = ""; VariantName = "[No Variations]"
Change component parameters (AddParameter): Name = "Number of Positions"; Value = ""; VariantName = "[No Variations]"
Change component parameters (AddParameter): Name = "Number of Positions Per Level"; Value = ""; VariantName = "[No Variations]"
Change component parameters (AddParameter): Name = "Number of Rows"; Value = ""; VariantName = "[No Variations]"
Change component parameters (AddParameter): Name = "Operate Time"; Value = ""; VariantName = "[No Variations]"
Change component parameters (AddParameter): Name = "Orientation"; Value = ""; VariantName = "[No Variations]"
Change component parameters (AddParameter): Name = "Package Quantity"; Value = ""; VariantName = "[No Variations]"
Change component parameters (AddParameter): Name = "Packaging"; Value = ""; VariantName = "[No Variations]"
Change component parameters (AddParameter): Name = "Pitch"; Value = ""; VariantName = "[No Variations]"
Change component parameters (AddParameter): Name = "Plating"; Value = ""; VariantName = "[No Variations]"
Change component parameters (AddParameter): Name = "Power Consumption"; Value = ""; VariantName = "[No Variations]"
Change component parameters (AddParameter): Name = "Pricing 1"; Value = ""; VariantName = "[No Variations]"
Change component parameters (AddParameter): Name = "Radiation Hardening"; Value = ""; VariantName = "[No Variations]"
Change component parameters (AddParameter): Name = "REACH SVHC"; Value = ""; VariantName = "[No Variations]"
Change component parameters (AddParameter): Name = "Relay Type"; Value = ""; VariantName = "[No Variations]"
Change component parameters (AddParameter): Name = "Release Time"; Value = ""; VariantName = "[No Variations]"
Change component parameters (AddParameter): Name = "RMS Current (Irms)"; Value = ""; VariantName = "[No Variations]"
Change component parameters (AddParameter): Name = "RoHS"; Value = ""; VariantName = "[No Variations]"
Change component parameters (AddParameter): Name = "RoHS Compliant"; Value = ""; VariantName = "[No Variations]"
Change component parameters (AddParameter): Name = "Screw Flange"; Value = ""; VariantName = "[No Variations]"
Change component parameters (AddParameter): Name = "Screwless Terminal Block"; Value = ""; VariantName = "[No Variations]"
Change component parameters (AddParameter): Name = "Series"; Value = ""; VariantName = "[No Variations]"
Change component parameters (AddParameter): Name = "Side Stackable"; Value = ""; VariantName = "[No Variations]"
Change component parameters (AddParameter): Name = "Source"; Value = "Electromechanical.SchLib"; VariantName = "[No Variations]"
Change component parameters (AddParameter): Name = "Stock 1"; Value = ""; VariantName = "[No Variations]"
Change component parameters (AddParameter): Name = "Tail Length"; Value = ""; VariantName = "[No Variations]"
Change component parameters (AddParameter): Name = "Termination"; Value = ""; VariantName = "[No Variations]"
Change component parameters (AddParameter): Name = "Thread Size"; Value = ""; VariantName = "[No Variations]"
Change component parameters (AddParameter): Name = "Throw Configuration"; Value = ""; VariantName = "[No Variations]"
Change component parameters (AddParameter): Name = "Voltage"; Value = ""; VariantName = "[No Variations]"
Change component parameters (AddParameter): Name = "Voltage Rating"; Value = ""; VariantName = "[No Variations]"
Change component parameters (AddParameter): Name = "Voltage Rating (AC)"; Value = ""; VariantName = "[No Variations]"
Change component parameters (AddParameter): Name = "Voltage Rating (DC)"; Value = ""; VariantName = "[No Variations]"
Change component parameters (AddParameter): Name = "Width"; Value = ""; VariantName = "[No Variations]"
Change component parameters (AddParameter): Name = "Wire Gauge (Max)"; Value = ""; VariantName = "[No Variations]"
Change component parameters (AddParameter): Name = "Wire Gauge (Min)"; Value = ""; VariantName = "[No Variations]"
Change component parameters (AddParameter): Name = "Wire/Cable Gauge"; Value = ""; VariantName = "[No Variations]"
Change component parameters (AddParameter): Name = "Working Voltage"; Value = ""; VariantName = "[No Variations]"
Add Net: Net with name "GND" already exists
