Change Component Designator: Old Designator=C201 New Designator=C?
Change Component Designator: Old Designator=C202 New Designator=C?
Change Component Designator: Old Designator=C203 New Designator=C?
Change Component Designator: Old Designator=C204 New Designator=C?
Change Component Designator: Old Designator=C205 New Designator=C?
Change Component Designator: Old Designator=C206 New Designator=C?
Change Component Designator: Old Designator=C207 New Designator=C?
Change Component Designator: Old Designator=C208 New Designator=C?
Change Component Designator: Old Designator=C209 New Designator=C?
Change Component Designator: Old Designator=C210 New Designator=C?
Change Component Designator: Old Designator=C211 New Designator=C?
Change Component Designator: Old Designator=C212 New Designator=C?
Change Component Designator: Old Designator=C213 New Designator=C?
Change Component Designator: Old Designator=C214 New Designator=C?
Change Component Designator: Old Designator=C215 New Designator=C?
Change Component Designator: Old Designator=D201 New Designator=D?
Change Component Designator: Old Designator=D202 New Designator=D?
Change Component Designator: Old Designator=D203 New Designator=D?
Change Component Designator: Old Designator=D204 New Designator=D?
Change Component Designator: Old Designator=L201 New Designator=L?
Change Component Designator: Old Designator=LS201 New Designator=LS?
Change Component Designator: Old Designator=NTC201 New Designator=NTC?
Change Component Designator: Old Designator=NTC202 New Designator=NTC?
Change Component Designator: Old Designator=Q201 New Designator=Q?
Change Component Designator: Old Designator=R201 New Designator=R?
Change Component Designator: Old Designator=R202 New Designator=R?
Change Component Designator: Old Designator=R203 New Designator=R?
Change Component Designator: Old Designator=R204 New Designator=R?
Change Component Designator: Old Designator=R205 New Designator=R?
Change Component Designator: Old Designator=R206 New Designator=R?
Change Component Designator: Old Designator=R207 New Designator=R?
Change Component Designator: Old Designator=R208 New Designator=R?
Change Component Designator: Old Designator=TP201 New Designator=TP?
Change Component Designator: Old Designator=TP202 New Designator=TP?
Change Component Designator: Old Designator=U201 New Designator=U?
Change Component Designator: Old Designator=U201 New Designator=U?
Change Component Designator: Old Designator=U201 New Designator=U?
Change Component Designator: Old Designator=V201 New Designator=V?
Change Component Designator: Old Designator=XTAL201 New Designator=XTAL?
Change Component Designator: Old Designator=XTAL202 New Designator=XTAL?
