Change Component Designator: Old Designator=C? New Designator=C201
Change Component Designator: Old Designator=C? New Designator=C202
Change Component Designator: Old Designator=C? New Designator=C203
Change Component Designator: Old Designator=C? New Designator=C204
Change Component Designator: Old Designator=C? New Designator=C205
Change Component Designator: Old Designator=C? New Designator=C206
Change Component Designator: Old Designator=C? New Designator=C207
Change Component Designator: Old Designator=C? New Designator=C208
Change Component Designator: Old Designator=C? New Designator=C209
Change Component Designator: Old Designator=C? New Designator=C210
Change Component Designator: Old Designator=C? New Designator=C211
Change Component Designator: Old Designator=C? New Designator=C212
Change Component Designator: Old Designator=C? New Designator=C213
Change Component Designator: Old Designator=C? New Designator=C214
Change Component Designator: Old Designator=C? New Designator=C215
Change Component Designator: Old Designator=D? New Designator=D201
Change Component Designator: Old Designator=D? New Designator=D202
Change Component Designator: Old Designator=D? New Designator=D203
Change Component Designator: Old Designator=D? New Designator=D204
Change Component Designator: Old Designator=L? New Designator=L201
Change Component Designator: Old Designator=LS? New Designator=LS201
Change Component Designator: Old Designator=NTC? New Designator=NTC201
Change Component Designator: Old Designator=NTC? New Designator=NTC202
Change Component Designator: Old Designator=Q? New Designator=Q201
Change Component Designator: Old Designator=R? New Designator=R201
Change Component Designator: Old Designator=R? New Designator=R202
Change Component Designator: Old Designator=R? New Designator=R203
Change Component Designator: Old Designator=R? New Designator=R204
Change Component Designator: Old Designator=R? New Designator=R205
Change Component Designator: Old Designator=R? New Designator=R206
Change Component Designator: Old Designator=R? New Designator=R207
Change Component Designator: Old Designator=R? New Designator=R208
Change Component Designator: Old Designator=TP? New Designator=TP201
Change Component Designator: Old Designator=TP? New Designator=TP202
Change Component Designator: Old Designator=U? New Designator=U201
Change Component Designator: Old Designator=U? New Designator=U201
Change Component Designator: Old Designator=U? New Designator=U201
Change Component Designator: Old Designator=V? New Designator=V201
Change Component Designator: Old Designator=XTAL? New Designator=XTAL201
Change Component Designator: Old Designator=XTAL? New Designator=XTAL202
