Change Component Designator: Old Designator=C22 New Designator=C201
Change Component Designator: Old Designator=C23 New Designator=C202
Change Component Designator: Old Designator=C24 New Designator=C203
Change Component Designator: Old Designator=C25 New Designator=C204
Change Component Designator: Old Designator=C26 New Designator=C205
Change Component Designator: Old Designator=C27 New Designator=C206
Change Component Designator: Old Designator=C28 New Designator=C207
Change Component Designator: Old Designator=C29 New Designator=C208
Change Component Designator: Old Designator=C30 New Designator=C209
Change Component Designator: Old Designator=C31 New Designator=C210
Change Component Designator: Old Designator=C32 New Designator=C211
Change Component Designator: Old Designator=C33 New Designator=C212
Change Component Designator: Old Designator=C34 New Designator=C213
Change Component Designator: Old Designator=C35 New Designator=C214
Change Component Designator: Old Designator=C36 New Designator=C215
Change Component Designator: Old Designator=D5 New Designator=D201
Change Component Designator: Old Designator=D6 New Designator=D202
Change Component Designator: Old Designator=D7 New Designator=D203
Change Component Designator: Old Designator=D8 New Designator=D204
Change Component Designator: Old Designator=L3 New Designator=L201
Change Component Designator: Old Designator=LS1 New Designator=LS201
Change Component Designator: Old Designator=NTC1 New Designator=NTC201
Change Component Designator: Old Designator=NTC2 New Designator=NTC202
Change Component Designator: Old Designator=Q1 New Designator=Q201
Change Component Designator: Old Designator=R12 New Designator=R201
Change Component Designator: Old Designator=R13 New Designator=R202
Change Component Designator: Old Designator=R14 New Designator=R203
Change Component Designator: Old Designator=R15 New Designator=R204
Change Component Designator: Old Designator=R16 New Designator=R205
Change Component Designator: Old Designator=R17 New Designator=R206
Change Component Designator: Old Designator=R18 New Designator=R207
Change Component Designator: Old Designator=R19 New Designator=R208
Change Component Designator: Old Designator=TP6 New Designator=TP201
Change Component Designator: Old Designator=TP7 New Designator=TP202
Change Component Designator: Old Designator=U4 New Designator=U201
Change Component Designator: Old Designator=U4 New Designator=U201
Change Component Designator: Old Designator=U4 New Designator=U201
Change Component Designator: Old Designator=V1 New Designator=V201
Change Component Designator: Old Designator=XTAL1 New Designator=XTAL201
Change Component Designator: Old Designator=XTAL2 New Designator=XTAL202
