Change Component Designator: Old Designator=C? New Designator=C401
Change Component Designator: Old Designator=C? New Designator=C402
Change Component Designator: Old Designator=C? New Designator=C403
Change Component Designator: Old Designator=C? New Designator=C404
Change Component Designator: Old Designator=C? New Designator=C405
Change Component Designator: Old Designator=C? New Designator=C406
Change Component Designator: Old Designator=C? New Designator=C407
Change Component Designator: Old Designator=C? New Designator=C408
Change Component Designator: Old Designator=C? New Designator=C409
Change Component Designator: Old Designator=C? New Designator=C410
Change Component Designator: Old Designator=C? New Designator=C411
Change Component Designator: Old Designator=C? New Designator=C412
Change Component Designator: Old Designator=C? New Designator=C413
Change Component Designator: Old Designator=C? New Designator=C414
Change Component Designator: Old Designator=C? New Designator=C415
Change Component Designator: Old Designator=C? New Designator=C416
Change Component Designator: Old Designator=C? New Designator=C417
Change Component Designator: Old Designator=C? New Designator=C418
Change Component Designator: Old Designator=C? New Designator=C419
Change Component Designator: Old Designator=C? New Designator=C420
Change Component Designator: Old Designator=L? New Designator=L401
Change Component Designator: Old Designator=L? New Designator=L402
Change Component Designator: Old Designator=R? New Designator=R401
Change Component Designator: Old Designator=R? New Designator=R402
Change Component Designator: Old Designator=R? New Designator=R403
Change Component Designator: Old Designator=R? New Designator=R404
Change Component Designator: Old Designator=R? New Designator=R405
Change Component Designator: Old Designator=R? New Designator=R406
Change Component Designator: Old Designator=R? New Designator=R407
Change Component Designator: Old Designator=R? New Designator=R408
Change Component Designator: Old Designator=R? New Designator=R409
Change Component Designator: Old Designator=R? New Designator=R410
Change Component Designator: Old Designator=TP? New Designator=TP401
Change Component Designator: Old Designator=TP? New Designator=TP402
Change Component Designator: Old Designator=TP? New Designator=TP403
Change Component Designator: Old Designator=TP? New Designator=TP404
Change Component Designator: Old Designator=U? New Designator=U401
Change Component Designator: Old Designator=U? New Designator=U402
