Change Component Designator: Old Designator=C401 New Designator=C?
Change Component Designator: Old Designator=C402 New Designator=C?
Change Component Designator: Old Designator=C403 New Designator=C?
Change Component Designator: Old Designator=C404 New Designator=C?
Change Component Designator: Old Designator=C405 New Designator=C?
Change Component Designator: Old Designator=C406 New Designator=C?
Change Component Designator: Old Designator=C407 New Designator=C?
Change Component Designator: Old Designator=C408 New Designator=C?
Change Component Designator: Old Designator=C409 New Designator=C?
Change Component Designator: Old Designator=C410 New Designator=C?
Change Component Designator: Old Designator=C411 New Designator=C?
Change Component Designator: Old Designator=C412 New Designator=C?
Change Component Designator: Old Designator=C413 New Designator=C?
Change Component Designator: Old Designator=C414 New Designator=C?
Change Component Designator: Old Designator=C415 New Designator=C?
Change Component Designator: Old Designator=C416 New Designator=C?
Change Component Designator: Old Designator=C417 New Designator=C?
Change Component Designator: Old Designator=C418 New Designator=C?
Change Component Designator: Old Designator=C419 New Designator=C?
Change Component Designator: Old Designator=C420 New Designator=C?
Change Component Designator: Old Designator=L401 New Designator=L?
Change Component Designator: Old Designator=L402 New Designator=L?
Change Component Designator: Old Designator=R401 New Designator=R?
Change Component Designator: Old Designator=R402 New Designator=R?
Change Component Designator: Old Designator=R403 New Designator=R?
Change Component Designator: Old Designator=R404 New Designator=R?
Change Component Designator: Old Designator=R405 New Designator=R?
Change Component Designator: Old Designator=R406 New Designator=R?
Change Component Designator: Old Designator=R407 New Designator=R?
Change Component Designator: Old Designator=R408 New Designator=R?
Change Component Designator: Old Designator=R409 New Designator=R?
Change Component Designator: Old Designator=R410 New Designator=R?
Change Component Designator: Old Designator=TP401 New Designator=TP?
Change Component Designator: Old Designator=TP402 New Designator=TP?
Change Component Designator: Old Designator=TP403 New Designator=TP?
Change Component Designator: Old Designator=TP404 New Designator=TP?
Change Component Designator: Old Designator=U401 New Designator=U?
Change Component Designator: Old Designator=U402 New Designator=U?
