Change Component Designator: Old Designator=C? New Designator=C410
Change Component Designator: Old Designator=C? New Designator=C411
Change Component Designator: Old Designator=C? New Designator=C412
Change Component Designator: Old Designator=C? New Designator=C413
Change Component Designator: Old Designator=C? New Designator=C414
Change Component Designator: Old Designator=C? New Designator=C415
Change Component Designator: Old Designator=C? New Designator=C416
Change Component Designator: Old Designator=C? New Designator=C417
Change Component Designator: Old Designator=C? New Designator=C418
Change Component Designator: Old Designator=C? New Designator=C419
Change Component Designator: Old Designator=C? New Designator=C420
Change Component Designator: Old Designator=L? New Designator=L402
Change Component Designator: Old Designator=R? New Designator=R406
Change Component Designator: Old Designator=R? New Designator=R407
Change Component Designator: Old Designator=R? New Designator=R408
Change Component Designator: Old Designator=R? New Designator=R409
Change Component Designator: Old Designator=R? New Designator=R410
Change Component Designator: Old Designator=TP? New Designator=TP403
Change Component Designator: Old Designator=TP? New Designator=TP404
Change Component Designator: Old Designator=U? New Designator=U402
